PC: 040c, State: 0002: Registers:
 0000 0000 0000 0000 0000 0000 0000 0000 0000 0000 0000 0000 0000 0000 0000 0408
PC: 040e, State: 0002: Registers:
 0000 0000 0000 0000 0000 0000 0000 0000 0000 0000 0000 0000 0000 0000 0000 0406
PC: 0410, State: 0002: Registers:
 0000 0000 0000 0000 0000 0000 0000 0000 0000 0000 0000 0000 0000 0000 0406 0406
PC: 0414, State: 0002: Registers:
 ffff 0000 0000 0000 0000 0000 0000 0000 0000 0000 0000 0000 0000 0000 0406 0406
PC: 0418, State: 0002: Registers:
 ffff 043a 0000 0000 0000 0000 0000 0000 0000 0000 0000 0000 0000 0000 0406 0406
PC: 041a, State: 0002: Registers:
 ffff 043a 0000 0000 0000 0000 0000 0000 0000 0000 0000 0000 0000 0000 0406 0406
PC: 041e, State: 0002: Registers:
 ffff 043a 0000 0008 0000 0000 0000 0000 0000 0000 0000 0000 0000 0000 0406 0406
PC: 0420, State: 0002: Registers:
 ffff 0442 0000 0008 0000 0000 0000 0000 0000 0000 0000 0000 0000 0000 0406 0406
PC: 0422, State: 0002: Registers:
 ffff 0442 0000 0008 0000 0000 0000 0000 0000 0000 0000 0000 0000 0000 0406 0406
PC: 0424, State: 0002: Registers:
 ffff 0442 0000 0008 0000 0000 0000 0000 0000 0000 0000 0000 0000 0000 0406 0406
PC: 0426, State: 0002: Registers:
 ffff 0443 0000 0008 0000 0000 0000 0000 0000 0000 0000 0000 0000 0000 0406 0406
PC: 0428, State: 0002: Registers:
 ffff 4200 0000 0008 0000 0000 0000 0000 0000 0000 0000 0000 0000 0000 0406 0406
PC: 042a, State: 0002: Registers:
 ffff 4201 0000 0008 0000 0000 0000 0000 0000 0000 0000 0000 0000 0000 0406 0406
PC: 042c, State: 0002: Registers:
 ffff 0000 0000 0008 0000 0000 0000 0000 0000 0000 0000 0000 0000 0000 0406 0406
PC: 042e, State: 0002: Registers:
 ffff 0001 0000 0008 0000 0000 0000 0000 0000 0000 0000 0000 0000 0000 0406 0406
PC: 0430, State: 0002: Registers:
 ffff f004 0000 0008 0000 0000 0000 0000 0000 0000 0000 0000 0000 0000 0406 0406
PC: 0432, State: 0002: Registers:
 ffff f004 0000 0008 0000 0000 0000 0000 0000 0000 0000 0000 0000 0000 0406 0406
PC: 0434, State: 0002: Registers:
 00e1 f004 0000 0008 0000 0000 0000 0000 0000 0000 0000 0000 0000 0000 0406 0406
PC: 0436, State: 0002: Registers:
 00e1 f004 0000 0008 0000 0000 0000 0000 0000 0000 0000 0000 0000 0000 0406 0406
PC: 0438, State: 0002: Registers:
 00e1 f004 0000 0008 0000 0000 0000 0000 0000 0000 0000 0000 0000 0000 0000 0408
PC: 0008, State: 0002: Registers:
 00e1 f004 0000 0008 0000 0000 0000 0000 0000 0000 0000 0000 0000 0000 0000 040a
CPU has halted.
