PC: 040c, State: 0002: Registers:
 0000 0000 0000 0000 0000 0000 0000 0000 0000 0000 0000 0000 0000 0000 0000 0408
PC: 040e, State: 0002: Registers:
 0000 0000 0000 0000 0000 0000 0000 0000 0000 0000 0000 0000 0000 0000 0000 0406
PC: 0410, State: 0002: Registers:
 0000 0000 0000 0000 0000 0000 0000 0000 0000 0000 0000 0000 0000 0000 0406 0406
hi, how are you today?PC: 0430, State: 0002: Registers:
 0496 0000 0000 0000 0000 0000 0000 0000 0000 0068 0069 0000 0000 0000 0406 0406
PC: 0434, State: 0002: Registers:
 0498 0000 0000 0000 0000 0000 0000 0000 0000 0068 0069 0000 0000 0000 0406 0406
PC: 0438, State: 0002: Registers:
 0498 0000 0000 0000 0000 0000 000a 0000 0000 0068 0069 0000 0000 0000 0406 0406
PC: 043a, State: 0002: Registers:
 0498 0000 0000 0000 0000 0000 000a 0000 0000 0068 0069 0000 0000 0000 0406 0406
PC: 043c, State: 0002: Registers:
 0499 0000 0000 0000 0000 0000 000a 0000 0000 0068 0069 0000 0000 0000 0406 0406
PC: 0440, State: 0002: Registers:
 0499 0000 0000 0000 0000 0000 0066 0000 0000 0068 0069 0000 0000 0000 0406 0406
PC: 0442, State: 0002: Registers:
 0499 0000 0000 0000 0000 0000 0066 0000 0000 0068 0069 0000 0000 0000 0406 0406
PC: 0444, State: 0002: Registers:
 049a 0000 0000 0000 0000 0000 0066 0000 0000 0068 0069 0000 0000 0000 0406 0406
PC: 0448, State: 0002: Registers:
 049a 0000 0000 0000 0000 0000 0069 0000 0000 0068 0069 0000 0000 0000 0406 0406
PC: 044a, State: 0002: Registers:
 049a 0000 0000 0000 0000 0000 0069 0000 0000 0068 0069 0000 0000 0000 0406 0406
PC: 044c, State: 0002: Registers:
 049b 0000 0000 0000 0000 0000 0069 0000 0000 0068 0069 0000 0000 0000 0406 0406
PC: 0450, State: 0002: Registers:
 049b 0000 0000 0000 0000 0000 006e 0000 0000 0068 0069 0000 0000 0000 0406 0406
PC: 0452, State: 0002: Registers:
 049b 0000 0000 0000 0000 0000 006e 0000 0000 0068 0069 0000 0000 0000 0406 0406
PC: 0454, State: 0002: Registers:
 049c 0000 0000 0000 0000 0000 006e 0000 0000 0068 0069 0000 0000 0000 0406 0406
PC: 0458, State: 0002: Registers:
 049c 0000 0000 0000 0000 0000 0065 0000 0000 0068 0069 0000 0000 0000 0406 0406
PC: 045a, State: 0002: Registers:
 049c 0000 0000 0000 0000 0000 0065 0000 0000 0068 0069 0000 0000 0000 0406 0406
PC: 045c, State: 0002: Registers:
 049d 0000 0000 0000 0000 0000 0065 0000 0000 0068 0069 0000 0000 0000 0406 0406
PC: 0460, State: 0002: Registers:
 049d 0000 0000 0000 0000 0000 000a 0000 0000 0068 0069 0000 0000 0000 0406 0406
PC: 0462, State: 0002: Registers:
 049d 0000 0000 0000 0000 0000 000a 0000 0000 0068 0069 0000 0000 0000 0406 0406
PC: 0464, State: 0002: Registers:
 049e 0000 0000 0000 0000 0000 000a 0000 0000 0068 0069 0000 0000 0000 0406 0406
PC: 0468, State: 0002: Registers:
 049e 0000 0000 0000 0000 0000 000a 0000 0000 0068 0006 0000 0000 0000 0406 0406
PC: 046a, State: 0002: Registers:
 0498 0000 0000 0000 0000 0000 000a 0000 0000 0068 0006 0000 0000 0000 0406 0406

fine
PC: 047a, State: 0002: Registers:
 049e 0000 0000 0000 0000 0000 000a 0000 0000 0068 0006 0000 0000 0000 0406 0406
PC: 047c, State: 0002: Registers:
 0000 0000 0000 0000 0000 0000 000a 0000 0000 0068 0006 0000 0000 0000 0406 0406
PC: 047e, State: 0002: Registers:
 0000 0000 0000 0000 0000 0000 000a 0000 0000 0068 0006 0000 0000 0000 0406 0406
PC: 0480, State: 0002: Registers:
 0000 0000 0000 0000 0000 0000 000a 0000 0000 0068 0006 0000 0000 0000 0000 0408
PC: 0008, State: 0002: Registers:
 0000 0000 0000 0000 0000 0000 000a 0000 0000 0068 0006 0000 0000 0000 0000 040a
CPU has halted.
