PC: 040c, State: 0002: Registers:
 0000 0000 0000 0000 0000 0000 0000 0000 0000 0000 0000 0000 0000 0000 0000 0408
PC: 040e, State: 0002: Registers:
 0000 0000 0000 0000 0000 0000 0000 0000 0000 0000 0000 0000 0000 0000 0000 0406
PC: 0410, State: 0002: Registers:
 0000 0000 0000 0000 0000 0000 0000 0000 0000 0000 0000 0000 0000 0000 0406 0406
PC: 042c, State: 0002: Registers:
 0000 0000 0000 0000 0000 0000 0000 0000 0000 0000 0000 0000 0000 0000 0406 0404
PC: 042e, State: 0002: Registers:
 0000 0000 0000 0000 0000 0000 0000 0000 0000 0000 0000 0000 0000 0000 0406 0402
PC: 0430, State: 0002: Registers:
 0000 0000 0000 0000 0000 0000 0000 0000 0000 0000 0000 0000 0000 0000 0402 0402
PC: 0434, State: 0002: Registers:
 0000 beef 0000 0000 0000 0000 0000 0000 0000 0000 0000 0000 0000 0000 0402 0402
PC: 0436, State: 0002: Registers:
 0000 beef 0000 0000 0000 0000 0000 0000 0000 0000 0000 0000 0000 0000 0402 0400
PC: 0444, State: 0002: Registers:
 0000 beef 0000 0000 0000 0000 0000 0000 0000 0000 0000 0000 0000 0000 0402 03fe
PC: 0446, State: 0002: Registers:
 0000 beef 0000 0000 0000 0000 0000 0000 0000 0000 0000 0000 0000 0000 0402 03fc
PC: 0448, State: 0002: Registers:
 0000 beef 0000 0000 0000 0000 0000 0000 0000 0000 0000 0000 0000 0000 03fc 03fc
PC: 044c, State: 0002: Registers:
 0000 beef 0004 0000 0000 0000 0000 0000 0000 0000 0000 0000 0000 0000 03fc 03fc
PC: 044e, State: 0002: Registers:
 0000 beef 0400 0000 0000 0000 0000 0000 0000 0000 0000 0000 0000 0000 03fc 03fc
PC: 0450, State: 0002: Registers:
 0000 beef 0400 beef 0000 0000 0000 0000 0000 0000 0000 0000 0000 0000 03fc 03fc
PC: 0452, State: 0002: Registers:
 0000 beef 0400 beef 0000 0000 0000 0000 0000 0000 0000 0000 0000 0000 03fc 03fa
PC: 0454, State: 0002: Registers:
 0000 beef 0400 beef 0000 0000 0000 0000 0000 0000 0000 0000 0000 0000 03fc 03f8
PC: 0456, State: 0002: Registers:
 0000 beef 0400 beef 0000 0000 0000 0000 0000 0000 0000 0000 0000 0000 03fc 03f6
PC: 0458, State: 0002: Registers:
 0000 beef 0400 beef 0000 0000 0000 0000 0000 0000 0000 0000 0000 0000 03fc 03f4
PC: 045a, State: 0002: Registers:
 0000 beef 0400 beef 0000 0000 0000 0000 0000 0000 0000 0000 0000 0000 03fc 03f2
PC: 045e, State: 0002: Registers:
 0000 beef 0400 beef 046c 0000 0000 0000 0000 0000 0000 0000 0000 0000 03fc 03f2
PC: 046c, State: 0002: Registers:
 0000 beef 0400 beef 046c 0000 0000 0000 0000 0000 0000 0000 0000 0000 03fc 03f0
PC: 046e, State: 0002: Registers:
 0000 beef 0400 beef 046c 0000 0000 0000 0000 0000 0000 0000 0000 0000 03fc 03ee
PC: 0470, State: 0002: Registers:
 0000 beef 0400 beef 046c 0000 0000 0000 0000 0000 0000 0000 0000 0000 03ee 03ee
PC: 0474, State: 0002: Registers:
 0000 beef 0400 beef 046c 049a 0000 0000 0000 0000 0000 0000 0000 0000 03ee 03ee
PC: 0476, State: 0002: Registers:
 0000 beef 0400 beef 046c 049a 0000 0000 0000 0000 0000 0000 0000 0000 03ee 03ec
PC: 0484, State: 0002: Registers:
 0000 beef 0400 beef 046c 049a 0000 0000 0000 0000 0000 0000 0000 0000 03ee 03ea
PC: 0486, State: 0002: Registers:
 0000 beef 0400 beef 046c 049a 0000 0000 0000 0000 0000 0000 0000 0000 03ee 03e8
PC: 0488, State: 0002: Registers:
 0000 beef 0400 beef 046c 049a 0000 0000 0000 0000 0000 0000 0000 0000 03e8 03e8
PC: 048c, State: 0002: Registers:
 0000 beef 0400 beef 046c 049a 0000 0000 0000 0004 0000 0000 0000 0000 03e8 03e8
PC: 048e, State: 0002: Registers:
 0000 beef 0400 beef 046c 049a 0000 0000 0000 03ec 0000 0000 0000 0000 03e8 03e8
PC: 0490, State: 0002: Registers:
 0000 beef 0400 beef 046c 049a 0000 0000 049a 03ec 0000 0000 0000 0000 03e8 03e8
PC: 049a, State: 0002: Registers:
 0000 beef 0400 beef 046c 049a 0000 0000 049a 03ec 0000 0000 0000 0000 03e8 03e6
PC: 049c, State: 0002: Registers:
 0000 beef 0400 beef 046c 049a 0000 0000 049a 03ec 0000 0000 0000 0000 03e8 03e4
PC: 049e, State: 0002: Registers:
 0000 beef 0400 beef 046c 049a 0000 0000 049a 03ec 0000 0000 0000 0000 03e4 03e4
PC: 04a2, State: 0002: Registers:
 0000 beef 0400 beef 046c 049a 0000 0000 049a 03ec 0000 0000 000a 0000 03e4 03e4
PC: 04a4, State: 0002: Registers:
 0000 beef 0400 beef 046c 049a 0000 0000 049a 03ec 0000 0000 000a 0000 03e4 03e2
PC: 04b0, State: 0002: Registers:
 0000 beef 0400 beef 046c 049a 0000 0000 049a 03ec 0000 0000 000a 0000 03e4 03e0
PC: 04b2, State: 0002: Registers:
 0000 beef 0400 beef 046c 049a 0000 0000 049a 03ec 0000 0000 000a 0000 03e4 03de
PC: 04b4, State: 0002: Registers:
 0000 beef 0400 beef 046c 049a 0000 0000 049a 03ec 0000 0000 000a 0000 03de 03de
PC: 04b8, State: 0002: Registers:
 0000 0004 0400 beef 046c 049a 0000 0000 049a 03ec 0000 0000 000a 0000 03de 03de
PC: 04ba, State: 0002: Registers:
 0000 03e2 0400 beef 046c 049a 0000 0000 049a 03ec 0000 0000 000a 0000 03de 03de
PC: 04bc, State: 0002: Registers:
 0000 03e2 0400 beef 046c 049a 0000 0000 049a 03ec 000a 0000 000a 0000 03de 03de
PC: 04be, State: 0002: Registers:
 0000 03e2 0400 beef 046c 049a 0000 0000 049a 03ec 0009 0000 000a 0000 03de 03de
PC: 04c0, State: 0002: Registers:
 0000 03e2 0400 beef 046c 049a 0000 0000 049a 03ec 0009 0000 000a 0000 03de 03de
PC: 04c2, State: 0002: Registers:
 0000 03e2 0400 beef 046c 049a 0000 0000 049a 03ec 0009 0000 000a 0001 03de 03de
PC: 04c4, State: 0002: Registers:
 0000 03e2 0400 beef 046c 049a 0000 0000 049a 03ec 0009 0000 000a 0001 03de 03de
PC: 04c6, State: 0002: Registers:
 0000 03e2 0400 beef 046c 049a 0000 0000 049a 03ec 0009 0000 000a 0001 03de 03de
PC: 04c8, State: 0002: Registers:
 0000 03e2 0400 beef 046c 049a 0000 0000 049a 03ec 0009 0000 000a 0001 03de 03dc
PC: 04b0, State: 0002: Registers:
 0000 03e2 0400 beef 046c 049a 0000 0000 049a 03ec 0009 0000 000a 0001 03de 03da
PC: 04b2, State: 0002: Registers:
 0000 03e2 0400 beef 046c 049a 0000 0000 049a 03ec 0009 0000 000a 0001 03de 03d8
PC: 04b4, State: 0002: Registers:
 0000 03e2 0400 beef 046c 049a 0000 0000 049a 03ec 0009 0000 000a 0001 03d8 03d8
PC: 04b8, State: 0002: Registers:
 0000 0004 0400 beef 046c 049a 0000 0000 049a 03ec 0009 0000 000a 0001 03d8 03d8
PC: 04ba, State: 0002: Registers:
 0000 03dc 0400 beef 046c 049a 0000 0000 049a 03ec 0009 0000 000a 0001 03d8 03d8
PC: 04bc, State: 0002: Registers:
 0000 03dc 0400 beef 046c 049a 0000 0000 049a 03ec 0009 0000 000a 0001 03d8 03d8
PC: 04be, State: 0002: Registers:
 0000 03dc 0400 beef 046c 049a 0000 0000 049a 03ec 0008 0000 000a 0001 03d8 03d8
PC: 04c0, State: 0002: Registers:
 0000 03dc 0400 beef 046c 049a 0000 0000 049a 03ec 0008 0000 000a 0000 03d8 03d8
PC: 04c2, State: 0002: Registers:
 0000 03dc 0400 beef 046c 049a 0000 0000 049a 03ec 0008 0000 000a 0001 03d8 03d8
PC: 04c4, State: 0002: Registers:
 0000 03dc 0400 beef 046c 049a 0000 0000 049a 03ec 0008 0000 000a 0001 03d8 03d8
PC: 04c6, State: 0002: Registers:
 0000 03dc 0400 beef 046c 049a 0000 0000 049a 03ec 0008 0000 000a 0001 03d8 03d8
PC: 04c8, State: 0002: Registers:
 0000 03dc 0400 beef 046c 049a 0000 0000 049a 03ec 0008 0000 000a 0001 03d8 03d6
PC: 04b0, State: 0002: Registers:
 0000 03dc 0400 beef 046c 049a 0000 0000 049a 03ec 0008 0000 000a 0001 03d8 03d4
PC: 04b2, State: 0002: Registers:
 0000 03dc 0400 beef 046c 049a 0000 0000 049a 03ec 0008 0000 000a 0001 03d8 03d2
PC: 04b4, State: 0002: Registers:
 0000 03dc 0400 beef 046c 049a 0000 0000 049a 03ec 0008 0000 000a 0001 03d2 03d2
PC: 04b8, State: 0002: Registers:
 0000 0004 0400 beef 046c 049a 0000 0000 049a 03ec 0008 0000 000a 0001 03d2 03d2
PC: 04ba, State: 0002: Registers:
 0000 03d6 0400 beef 046c 049a 0000 0000 049a 03ec 0008 0000 000a 0001 03d2 03d2
PC: 04bc, State: 0002: Registers:
 0000 03d6 0400 beef 046c 049a 0000 0000 049a 03ec 0008 0000 000a 0001 03d2 03d2
PC: 04be, State: 0002: Registers:
 0000 03d6 0400 beef 046c 049a 0000 0000 049a 03ec 0007 0000 000a 0001 03d2 03d2
PC: 04c0, State: 0002: Registers:
 0000 03d6 0400 beef 046c 049a 0000 0000 049a 03ec 0007 0000 000a 0000 03d2 03d2
PC: 04c2, State: 0002: Registers:
 0000 03d6 0400 beef 046c 049a 0000 0000 049a 03ec 0007 0000 000a 0001 03d2 03d2
PC: 04c4, State: 0002: Registers:
 0000 03d6 0400 beef 046c 049a 0000 0000 049a 03ec 0007 0000 000a 0001 03d2 03d2
PC: 04c6, State: 0002: Registers:
 0000 03d6 0400 beef 046c 049a 0000 0000 049a 03ec 0007 0000 000a 0001 03d2 03d2
PC: 04c8, State: 0002: Registers:
 0000 03d6 0400 beef 046c 049a 0000 0000 049a 03ec 0007 0000 000a 0001 03d2 03d0
PC: 04b0, State: 0002: Registers:
 0000 03d6 0400 beef 046c 049a 0000 0000 049a 03ec 0007 0000 000a 0001 03d2 03ce
PC: 04b2, State: 0002: Registers:
 0000 03d6 0400 beef 046c 049a 0000 0000 049a 03ec 0007 0000 000a 0001 03d2 03cc
PC: 04b4, State: 0002: Registers:
 0000 03d6 0400 beef 046c 049a 0000 0000 049a 03ec 0007 0000 000a 0001 03cc 03cc
PC: 04b8, State: 0002: Registers:
 0000 0004 0400 beef 046c 049a 0000 0000 049a 03ec 0007 0000 000a 0001 03cc 03cc
PC: 04ba, State: 0002: Registers:
 0000 03d0 0400 beef 046c 049a 0000 0000 049a 03ec 0007 0000 000a 0001 03cc 03cc
PC: 04bc, State: 0002: Registers:
 0000 03d0 0400 beef 046c 049a 0000 0000 049a 03ec 0007 0000 000a 0001 03cc 03cc
PC: 04be, State: 0002: Registers:
 0000 03d0 0400 beef 046c 049a 0000 0000 049a 03ec 0006 0000 000a 0001 03cc 03cc
PC: 04c0, State: 0002: Registers:
 0000 03d0 0400 beef 046c 049a 0000 0000 049a 03ec 0006 0000 000a 0000 03cc 03cc
PC: 04c2, State: 0002: Registers:
 0000 03d0 0400 beef 046c 049a 0000 0000 049a 03ec 0006 0000 000a 0001 03cc 03cc
PC: 04c4, State: 0002: Registers:
 0000 03d0 0400 beef 046c 049a 0000 0000 049a 03ec 0006 0000 000a 0001 03cc 03cc
PC: 04c6, State: 0002: Registers:
 0000 03d0 0400 beef 046c 049a 0000 0000 049a 03ec 0006 0000 000a 0001 03cc 03cc
PC: 04c8, State: 0002: Registers:
 0000 03d0 0400 beef 046c 049a 0000 0000 049a 03ec 0006 0000 000a 0001 03cc 03ca
PC: 04b0, State: 0002: Registers:
 0000 03d0 0400 beef 046c 049a 0000 0000 049a 03ec 0006 0000 000a 0001 03cc 03c8
PC: 04b2, State: 0002: Registers:
 0000 03d0 0400 beef 046c 049a 0000 0000 049a 03ec 0006 0000 000a 0001 03cc 03c6
PC: 04b4, State: 0002: Registers:
 0000 03d0 0400 beef 046c 049a 0000 0000 049a 03ec 0006 0000 000a 0001 03c6 03c6
PC: 04b8, State: 0002: Registers:
 0000 0004 0400 beef 046c 049a 0000 0000 049a 03ec 0006 0000 000a 0001 03c6 03c6
PC: 04ba, State: 0002: Registers:
 0000 03ca 0400 beef 046c 049a 0000 0000 049a 03ec 0006 0000 000a 0001 03c6 03c6
PC: 04bc, State: 0002: Registers:
 0000 03ca 0400 beef 046c 049a 0000 0000 049a 03ec 0006 0000 000a 0001 03c6 03c6
PC: 04be, State: 0002: Registers:
 0000 03ca 0400 beef 046c 049a 0000 0000 049a 03ec 0005 0000 000a 0001 03c6 03c6
PC: 04c0, State: 0002: Registers:
 0000 03ca 0400 beef 046c 049a 0000 0000 049a 03ec 0005 0000 000a 0000 03c6 03c6
PC: 04c2, State: 0002: Registers:
 0000 03ca 0400 beef 046c 049a 0000 0000 049a 03ec 0005 0000 000a 0001 03c6 03c6
PC: 04c4, State: 0002: Registers:
 0000 03ca 0400 beef 046c 049a 0000 0000 049a 03ec 0005 0000 000a 0001 03c6 03c6
PC: 04c6, State: 0002: Registers:
 0000 03ca 0400 beef 046c 049a 0000 0000 049a 03ec 0005 0000 000a 0001 03c6 03c6
PC: 04c8, State: 0002: Registers:
 0000 03ca 0400 beef 046c 049a 0000 0000 049a 03ec 0005 0000 000a 0001 03c6 03c4
PC: 04b0, State: 0002: Registers:
 0000 03ca 0400 beef 046c 049a 0000 0000 049a 03ec 0005 0000 000a 0001 03c6 03c2
PC: 04b2, State: 0002: Registers:
 0000 03ca 0400 beef 046c 049a 0000 0000 049a 03ec 0005 0000 000a 0001 03c6 03c0
PC: 04b4, State: 0002: Registers:
 0000 03ca 0400 beef 046c 049a 0000 0000 049a 03ec 0005 0000 000a 0001 03c0 03c0
PC: 04b8, State: 0002: Registers:
 0000 0004 0400 beef 046c 049a 0000 0000 049a 03ec 0005 0000 000a 0001 03c0 03c0
PC: 04ba, State: 0002: Registers:
 0000 03c4 0400 beef 046c 049a 0000 0000 049a 03ec 0005 0000 000a 0001 03c0 03c0
PC: 04bc, State: 0002: Registers:
 0000 03c4 0400 beef 046c 049a 0000 0000 049a 03ec 0005 0000 000a 0001 03c0 03c0
PC: 04be, State: 0002: Registers:
 0000 03c4 0400 beef 046c 049a 0000 0000 049a 03ec 0004 0000 000a 0001 03c0 03c0
PC: 04c0, State: 0002: Registers:
 0000 03c4 0400 beef 046c 049a 0000 0000 049a 03ec 0004 0000 000a 0000 03c0 03c0
PC: 04c2, State: 0002: Registers:
 0000 03c4 0400 beef 046c 049a 0000 0000 049a 03ec 0004 0000 000a 0001 03c0 03c0
PC: 04c4, State: 0002: Registers:
 0000 03c4 0400 beef 046c 049a 0000 0000 049a 03ec 0004 0000 000a 0001 03c0 03c0
PC: 04c6, State: 0002: Registers:
 0000 03c4 0400 beef 046c 049a 0000 0000 049a 03ec 0004 0000 000a 0001 03c0 03c0
PC: 04c8, State: 0002: Registers:
 0000 03c4 0400 beef 046c 049a 0000 0000 049a 03ec 0004 0000 000a 0001 03c0 03be
PC: 04b0, State: 0002: Registers:
 0000 03c4 0400 beef 046c 049a 0000 0000 049a 03ec 0004 0000 000a 0001 03c0 03bc
PC: 04b2, State: 0002: Registers:
 0000 03c4 0400 beef 046c 049a 0000 0000 049a 03ec 0004 0000 000a 0001 03c0 03ba
PC: 04b4, State: 0002: Registers:
 0000 03c4 0400 beef 046c 049a 0000 0000 049a 03ec 0004 0000 000a 0001 03ba 03ba
PC: 04b8, State: 0002: Registers:
 0000 0004 0400 beef 046c 049a 0000 0000 049a 03ec 0004 0000 000a 0001 03ba 03ba
PC: 04ba, State: 0002: Registers:
 0000 03be 0400 beef 046c 049a 0000 0000 049a 03ec 0004 0000 000a 0001 03ba 03ba
PC: 04bc, State: 0002: Registers:
 0000 03be 0400 beef 046c 049a 0000 0000 049a 03ec 0004 0000 000a 0001 03ba 03ba
PC: 04be, State: 0002: Registers:
 0000 03be 0400 beef 046c 049a 0000 0000 049a 03ec 0003 0000 000a 0001 03ba 03ba
PC: 04c0, State: 0002: Registers:
 0000 03be 0400 beef 046c 049a 0000 0000 049a 03ec 0003 0000 000a 0000 03ba 03ba
PC: 04c2, State: 0002: Registers:
 0000 03be 0400 beef 046c 049a 0000 0000 049a 03ec 0003 0000 000a 0001 03ba 03ba
PC: 04c4, State: 0002: Registers:
 0000 03be 0400 beef 046c 049a 0000 0000 049a 03ec 0003 0000 000a 0001 03ba 03ba
PC: 04c6, State: 0002: Registers:
 0000 03be 0400 beef 046c 049a 0000 0000 049a 03ec 0003 0000 000a 0001 03ba 03ba
PC: 04c8, State: 0002: Registers:
 0000 03be 0400 beef 046c 049a 0000 0000 049a 03ec 0003 0000 000a 0001 03ba 03b8
PC: 04b0, State: 0002: Registers:
 0000 03be 0400 beef 046c 049a 0000 0000 049a 03ec 0003 0000 000a 0001 03ba 03b6
PC: 04b2, State: 0002: Registers:
 0000 03be 0400 beef 046c 049a 0000 0000 049a 03ec 0003 0000 000a 0001 03ba 03b4
PC: 04b4, State: 0002: Registers:
 0000 03be 0400 beef 046c 049a 0000 0000 049a 03ec 0003 0000 000a 0001 03b4 03b4
PC: 04b8, State: 0002: Registers:
 0000 0004 0400 beef 046c 049a 0000 0000 049a 03ec 0003 0000 000a 0001 03b4 03b4
PC: 04ba, State: 0002: Registers:
 0000 03b8 0400 beef 046c 049a 0000 0000 049a 03ec 0003 0000 000a 0001 03b4 03b4
PC: 04bc, State: 0002: Registers:
 0000 03b8 0400 beef 046c 049a 0000 0000 049a 03ec 0003 0000 000a 0001 03b4 03b4
PC: 04be, State: 0002: Registers:
 0000 03b8 0400 beef 046c 049a 0000 0000 049a 03ec 0002 0000 000a 0001 03b4 03b4
PC: 04c0, State: 0002: Registers:
 0000 03b8 0400 beef 046c 049a 0000 0000 049a 03ec 0002 0000 000a 0000 03b4 03b4
PC: 04c2, State: 0002: Registers:
 0000 03b8 0400 beef 046c 049a 0000 0000 049a 03ec 0002 0000 000a 0001 03b4 03b4
PC: 04c4, State: 0002: Registers:
 0000 03b8 0400 beef 046c 049a 0000 0000 049a 03ec 0002 0000 000a 0001 03b4 03b4
PC: 04c6, State: 0002: Registers:
 0000 03b8 0400 beef 046c 049a 0000 0000 049a 03ec 0002 0000 000a 0001 03b4 03b4
PC: 04c8, State: 0002: Registers:
 0000 03b8 0400 beef 046c 049a 0000 0000 049a 03ec 0002 0000 000a 0001 03b4 03b2
PC: 04b0, State: 0002: Registers:
 0000 03b8 0400 beef 046c 049a 0000 0000 049a 03ec 0002 0000 000a 0001 03b4 03b0
PC: 04b2, State: 0002: Registers:
 0000 03b8 0400 beef 046c 049a 0000 0000 049a 03ec 0002 0000 000a 0001 03b4 03ae
PC: 04b4, State: 0002: Registers:
 0000 03b8 0400 beef 046c 049a 0000 0000 049a 03ec 0002 0000 000a 0001 03ae 03ae
PC: 04b8, State: 0002: Registers:
 0000 0004 0400 beef 046c 049a 0000 0000 049a 03ec 0002 0000 000a 0001 03ae 03ae
PC: 04ba, State: 0002: Registers:
 0000 03b2 0400 beef 046c 049a 0000 0000 049a 03ec 0002 0000 000a 0001 03ae 03ae
PC: 04bc, State: 0002: Registers:
 0000 03b2 0400 beef 046c 049a 0000 0000 049a 03ec 0002 0000 000a 0001 03ae 03ae
PC: 04be, State: 0002: Registers:
 0000 03b2 0400 beef 046c 049a 0000 0000 049a 03ec 0001 0000 000a 0001 03ae 03ae
PC: 04c0, State: 0002: Registers:
 0000 03b2 0400 beef 046c 049a 0000 0000 049a 03ec 0001 0000 000a 0000 03ae 03ae
PC: 04c2, State: 0002: Registers:
 0000 03b2 0400 beef 046c 049a 0000 0000 049a 03ec 0001 0000 000a 0001 03ae 03ae
PC: 04c4, State: 0002: Registers:
 0000 03b2 0400 beef 046c 049a 0000 0000 049a 03ec 0001 0000 000a 0001 03ae 03ae
PC: 04c6, State: 0002: Registers:
 0000 03b2 0400 beef 046c 049a 0000 0000 049a 03ec 0001 0000 000a 0001 03ae 03ae
PC: 04c8, State: 0002: Registers:
 0000 03b2 0400 beef 046c 049a 0000 0000 049a 03ec 0001 0000 000a 0001 03ae 03ac
PC: 04b0, State: 0002: Registers:
 0000 03b2 0400 beef 046c 049a 0000 0000 049a 03ec 0001 0000 000a 0001 03ae 03aa
PC: 04b2, State: 0002: Registers:
 0000 03b2 0400 beef 046c 049a 0000 0000 049a 03ec 0001 0000 000a 0001 03ae 03a8
PC: 04b4, State: 0002: Registers:
 0000 03b2 0400 beef 046c 049a 0000 0000 049a 03ec 0001 0000 000a 0001 03a8 03a8
PC: 04b8, State: 0002: Registers:
 0000 0004 0400 beef 046c 049a 0000 0000 049a 03ec 0001 0000 000a 0001 03a8 03a8
PC: 04ba, State: 0002: Registers:
 0000 03ac 0400 beef 046c 049a 0000 0000 049a 03ec 0001 0000 000a 0001 03a8 03a8
PC: 04bc, State: 0002: Registers:
 0000 03ac 0400 beef 046c 049a 0000 0000 049a 03ec 0001 0000 000a 0001 03a8 03a8
PC: 04be, State: 0002: Registers:
 0000 03ac 0400 beef 046c 049a 0000 0000 049a 03ec 0000 0000 000a 0001 03a8 03a8
PC: 04c0, State: 0002: Registers:
 0000 03ac 0400 beef 046c 049a 0000 0000 049a 03ec 0000 0000 000a 0000 03a8 03a8
PC: 04c2, State: 0002: Registers:
 0000 03ac 0400 beef 046c 049a 0000 0000 049a 03ec 0000 0000 000a 0001 03a8 03a8
PC: 04c4, State: 0003: Registers:
 0000 03ac 0400 beef 046c 049a 0000 0000 049a 03ec 0000 0000 000a 0001 03a8 03a8
PC: 04ce, State: 0003: Registers:
 0000 03ac 0400 beef 046c 049a 0000 0000 049a 03ec 0000 0000 000a 0001 03a8 03a8
PC: 04da, State: 0003: Registers:
 0000 03ac 0400 beef 046c 049a 0000 0000 049a 03ec 0000 0000 000a 0001 03a8 03a6
PC: 04dc, State: 0003: Registers:
 0000 03ac 0400 beef 046c 049a 0000 0000 049a 03ec 0000 0000 000a 0001 03a8 03a4
PC: 04de, State: 0003: Registers:
 0000 03ac 0400 beef 046c 049a 0000 0000 049a 03ec 0000 0000 000a 0001 03a4 03a4
PC: 04e2, State: 0003: Registers:
 04f6 03ac 0400 beef 046c 049a 0000 0000 049a 03ec 0000 0000 000a 0001 03a4 03a4
PC: 04e4, State: 0003: Registers:
 04f6 03ac 0400 beef 046c 049a 0000 0000 049a 03ec 0000 0000 000a 0001 03a4 03a2
There...
PC: 04ec, State: 0002: Registers:
 04f6 03ac 0400 beef 046c 049a 0000 0000 049a 03ec 0000 0000 000a 0001 03a4 03a2
PC: 04ee, State: 0002: Registers:
 04f6 03ac 0400 beef 046c 049a 0000 0000 049a 03ec 0000 0000 000a 0001 03a4 03a4
PC: 04f0, State: 0002: Registers:
 0000 03ac 0400 beef 046c 049a 0000 0000 049a 03ec 0000 0000 000a 0001 03a4 03a4
PC: 04f2, State: 0002: Registers:
 0000 03ac 0400 beef 046c 049a 0000 0000 049a 03ec 0000 0000 000a 0001 03a4 03a4
PC: 04f4, State: 0002: Registers:
 0000 03ac 0400 beef 046c 049a 0000 0000 049a 03ec 0000 0000 000a 0001 03a8 03a6
PC: 04d2, State: 0002: Registers:
 0000 03ac 0400 beef 046c 049a 0000 0000 049a 03ec 0000 0000 000a 0001 03a8 03a8
PC: 04d4, State: 0002: Registers:
 0000 03ac 0400 beef 046c 049a 0000 0000 049a 03ec 0000 0000 000a 0001 03a8 03a8
PC: 04d6, State: 0002: Registers:
 0000 03ac 0400 beef 046c 049a 0000 0000 049a 03ec 0000 0000 000a 0001 03a8 03a8
PC: 04d8, State: 0002: Registers:
 0000 03ac 0400 beef 046c 049a 0000 0000 049a 03ec 0000 0000 000a 0001 03ae 03aa
PC: 04cc, State: 0002: Registers:
 0000 03ac 0400 beef 046c 049a 0000 0000 049a 03ec 0000 0000 000a 0001 03ae 03ac
PC: 04d2, State: 0002: Registers:
 0000 03ac 0400 beef 046c 049a 0000 0000 049a 03ec 0000 0000 000a 0001 03ae 03ac
PC: 04d4, State: 0002: Registers:
 0000 03ac 0400 beef 046c 049a 0000 0000 049a 03ec 0000 0000 000a 0001 03ae 03ac
PC: 04d6, State: 0002: Registers:
 0000 03ac 0400 beef 046c 049a 0000 0000 049a 03ec 0000 0000 000a 0001 03ae 03ae
PC: 04d8, State: 0002: Registers:
 0000 03ac 0400 beef 046c 049a 0000 0000 049a 03ec 0000 0000 000a 0001 03b4 03b0
PC: 04cc, State: 0002: Registers:
 0000 03ac 0400 beef 046c 049a 0000 0000 049a 03ec 0000 0000 000a 0001 03b4 03b2
PC: 04d2, State: 0002: Registers:
 0000 03ac 0400 beef 046c 049a 0000 0000 049a 03ec 0000 0000 000a 0001 03b4 03b2
PC: 04d4, State: 0002: Registers:
 0000 03ac 0400 beef 046c 049a 0000 0000 049a 03ec 0000 0000 000a 0001 03b4 03b2
PC: 04d6, State: 0002: Registers:
 0000 03ac 0400 beef 046c 049a 0000 0000 049a 03ec 0000 0000 000a 0001 03b4 03b4
PC: 04d8, State: 0002: Registers:
 0000 03ac 0400 beef 046c 049a 0000 0000 049a 03ec 0000 0000 000a 0001 03ba 03b6
PC: 04cc, State: 0002: Registers:
 0000 03ac 0400 beef 046c 049a 0000 0000 049a 03ec 0000 0000 000a 0001 03ba 03b8
PC: 04d2, State: 0002: Registers:
 0000 03ac 0400 beef 046c 049a 0000 0000 049a 03ec 0000 0000 000a 0001 03ba 03b8
PC: 04d4, State: 0002: Registers:
 0000 03ac 0400 beef 046c 049a 0000 0000 049a 03ec 0000 0000 000a 0001 03ba 03b8
PC: 04d6, State: 0002: Registers:
 0000 03ac 0400 beef 046c 049a 0000 0000 049a 03ec 0000 0000 000a 0001 03ba 03ba
PC: 04d8, State: 0002: Registers:
 0000 03ac 0400 beef 046c 049a 0000 0000 049a 03ec 0000 0000 000a 0001 03c0 03bc
PC: 04cc, State: 0002: Registers:
 0000 03ac 0400 beef 046c 049a 0000 0000 049a 03ec 0000 0000 000a 0001 03c0 03be
PC: 04d2, State: 0002: Registers:
 0000 03ac 0400 beef 046c 049a 0000 0000 049a 03ec 0000 0000 000a 0001 03c0 03be
PC: 04d4, State: 0002: Registers:
 0000 03ac 0400 beef 046c 049a 0000 0000 049a 03ec 0000 0000 000a 0001 03c0 03be
PC: 04d6, State: 0002: Registers:
 0000 03ac 0400 beef 046c 049a 0000 0000 049a 03ec 0000 0000 000a 0001 03c0 03c0
PC: 04d8, State: 0002: Registers:
 0000 03ac 0400 beef 046c 049a 0000 0000 049a 03ec 0000 0000 000a 0001 03c6 03c2
PC: 04cc, State: 0002: Registers:
 0000 03ac 0400 beef 046c 049a 0000 0000 049a 03ec 0000 0000 000a 0001 03c6 03c4
PC: 04d2, State: 0002: Registers:
 0000 03ac 0400 beef 046c 049a 0000 0000 049a 03ec 0000 0000 000a 0001 03c6 03c4
PC: 04d4, State: 0002: Registers:
 0000 03ac 0400 beef 046c 049a 0000 0000 049a 03ec 0000 0000 000a 0001 03c6 03c4
PC: 04d6, State: 0002: Registers:
 0000 03ac 0400 beef 046c 049a 0000 0000 049a 03ec 0000 0000 000a 0001 03c6 03c6
PC: 04d8, State: 0002: Registers:
 0000 03ac 0400 beef 046c 049a 0000 0000 049a 03ec 0000 0000 000a 0001 03cc 03c8
PC: 04cc, State: 0002: Registers:
 0000 03ac 0400 beef 046c 049a 0000 0000 049a 03ec 0000 0000 000a 0001 03cc 03ca
PC: 04d2, State: 0002: Registers:
 0000 03ac 0400 beef 046c 049a 0000 0000 049a 03ec 0000 0000 000a 0001 03cc 03ca
PC: 04d4, State: 0002: Registers:
 0000 03ac 0400 beef 046c 049a 0000 0000 049a 03ec 0000 0000 000a 0001 03cc 03ca
PC: 04d6, State: 0002: Registers:
 0000 03ac 0400 beef 046c 049a 0000 0000 049a 03ec 0000 0000 000a 0001 03cc 03cc
PC: 04d8, State: 0002: Registers:
 0000 03ac 0400 beef 046c 049a 0000 0000 049a 03ec 0000 0000 000a 0001 03d2 03ce
PC: 04cc, State: 0002: Registers:
 0000 03ac 0400 beef 046c 049a 0000 0000 049a 03ec 0000 0000 000a 0001 03d2 03d0
PC: 04d2, State: 0002: Registers:
 0000 03ac 0400 beef 046c 049a 0000 0000 049a 03ec 0000 0000 000a 0001 03d2 03d0
PC: 04d4, State: 0002: Registers:
 0000 03ac 0400 beef 046c 049a 0000 0000 049a 03ec 0000 0000 000a 0001 03d2 03d0
PC: 04d6, State: 0002: Registers:
 0000 03ac 0400 beef 046c 049a 0000 0000 049a 03ec 0000 0000 000a 0001 03d2 03d2
PC: 04d8, State: 0002: Registers:
 0000 03ac 0400 beef 046c 049a 0000 0000 049a 03ec 0000 0000 000a 0001 03d8 03d4
PC: 04cc, State: 0002: Registers:
 0000 03ac 0400 beef 046c 049a 0000 0000 049a 03ec 0000 0000 000a 0001 03d8 03d6
PC: 04d2, State: 0002: Registers:
 0000 03ac 0400 beef 046c 049a 0000 0000 049a 03ec 0000 0000 000a 0001 03d8 03d6
PC: 04d4, State: 0002: Registers:
 0000 03ac 0400 beef 046c 049a 0000 0000 049a 03ec 0000 0000 000a 0001 03d8 03d6
PC: 04d6, State: 0002: Registers:
 0000 03ac 0400 beef 046c 049a 0000 0000 049a 03ec 0000 0000 000a 0001 03d8 03d8
PC: 04d8, State: 0002: Registers:
 0000 03ac 0400 beef 046c 049a 0000 0000 049a 03ec 0000 0000 000a 0001 03de 03da
PC: 04cc, State: 0002: Registers:
 0000 03ac 0400 beef 046c 049a 0000 0000 049a 03ec 0000 0000 000a 0001 03de 03dc
PC: 04d2, State: 0002: Registers:
 0000 03ac 0400 beef 046c 049a 0000 0000 049a 03ec 0000 0000 000a 0001 03de 03dc
PC: 04d4, State: 0002: Registers:
 0000 03ac 0400 beef 046c 049a 0000 0000 049a 03ec 0000 0000 000a 0001 03de 03dc
PC: 04d6, State: 0002: Registers:
 0000 03ac 0400 beef 046c 049a 0000 0000 049a 03ec 0000 0000 000a 0001 03de 03de
PC: 04d8, State: 0002: Registers:
 0000 03ac 0400 beef 046c 049a 0000 0000 049a 03ec 0000 0000 000a 0001 03e4 03e0
PC: 04a8, State: 0002: Registers:
 0000 03ac 0400 beef 046c 049a 0000 0000 049a 03ec 0000 0000 000a 0001 03e4 03e2
PC: 04aa, State: 0002: Registers:
 0000 03ac 0400 beef 046c 049a 0000 0000 049a 03ec 0000 0000 000a 0001 03e4 03e2
PC: 04ac, State: 0002: Registers:
 0000 03ac 0400 beef 046c 049a 0000 0000 049a 03ec 0000 0000 000a 0001 03e4 03e4
PC: 04ae, State: 0002: Registers:
 0000 03ac 0400 beef 046c 049a 0000 0000 049a 03ec 0000 0000 000a 0001 03e8 03e6
PC: 0492, State: 0002: Registers:
 0000 03ac 0400 beef 046c 049a 0000 0000 049a 03ec 0000 0000 000a 0001 03e8 03e8
PC: 0494, State: 0002: Registers:
 0000 03ac 0400 beef 046c 049a 0000 0000 049a 03ec 0000 0000 000a 0001 03e8 03e8
PC: 0496, State: 0002: Registers:
 0000 03ac 0400 beef 046c 049a 0000 0000 049a 03ec 0000 0000 000a 0001 03e8 03e8
PC: 0498, State: 0002: Registers:
 0000 03ac 0400 beef 046c 049a 0000 0000 049a 03ec 0000 0000 000a 0001 03ee 03ea
PC: 047a, State: 0002: Registers:
 0000 03ac 0400 beef 046c 049a 0000 0000 049a 03ec 0000 0000 000a 0001 03ee 03ec
PC: 047c, State: 0002: Registers:
 0000 03ac 0400 beef 046c 049a 0000 0000 049a 03ec 0000 0000 000a 0001 03ee 03ee
PC: 047e, State: 0002: Registers:
 0000 03ac 0400 beef 046c 049a 0000 0000 049a 03ec 0000 0000 000a 0001 03ee 03ee
PC: 0480, State: 0002: Registers:
 0000 03ac 0400 beef 046c 049a 0000 0000 049a 03ec 0000 0000 000a 0001 03ee 03ee
PC: 0482, State: 0002: Registers:
 0000 03ac 0400 beef 046c 049a 0000 0000 049a 03ec 0000 0000 000a 0001 03fc 03f0
PC: 0460, State: 0002: Registers:
 0000 03ac 0400 beef 046c 049a 0000 0000 049a 03ec 0000 0000 000a 0001 03fc 03f2
PC: 0462, State: 0002: Registers:
 0000 03ac 0400 beef 046c 049a 0000 0000 049a 03ec 0000 0000 000a 0001 03fc 03f4
PC: 0464, State: 0002: Registers:
 0000 03ac 0400 beef 046c 049a 0000 0000 049a 03ec 0000 0000 000a 0001 03fc 03f6
PC: 0466, State: 0002: Registers:
 0000 03ac 0400 beef 046c 049a 0000 0000 049a 03ec 0000 0000 000a 0001 03fc 03f6
PC: 0468, State: 0002: Registers:
 0000 03ac 0400 beef 046c 049a 0000 0000 049a 03ec 0000 0000 000a 0001 03fc 03fc
PC: 046a, State: 0002: Registers:
 0000 03ac 0400 beef 046c 049a 0000 0000 049a 03ec 0000 0000 000a 0001 0402 03fe
PC: 043a, State: 0002: Registers:
 0000 03ac 0400 beef 046c 049a 0000 0000 049a 03ec 0000 0000 000a 0001 0402 0400
PC: 043c, State: 0002: Registers:
 0000 beef 0400 beef 046c 049a 0000 0000 049a 03ec 0000 0000 000a 0001 0402 0402
PC: 043e, State: 0002: Registers:
 0000 beef 0400 beef 046c 049a 0000 0000 049a 03ec 0000 0000 000a 0001 0402 0402
PC: 0440, State: 0002: Registers:
 0000 beef 0400 beef 046c 049a 0000 0000 049a 03ec 0000 0000 000a 0001 0402 0402
PC: 0442, State: 0002: Registers:
 0000 beef 0400 beef 046c 049a 0000 0000 049a 03ec 0000 0000 000a 0001 0406 0404
PC: 0414, State: 0002: Registers:
 0000 beef 0400 beef 046c 049a 0000 0000 049a 03ec 0000 0000 000a 0001 0406 0406
PC: 0418, State: 0002: Registers:
 0000 beef 0400 0500 046c 049a 0000 0000 049a 03ec 0000 0000 000a 0001 0406 0406
PC: 041a, State: 0002: Registers:
 0000 beef 0400 0500 046c 049a 0000 0000 049a 03ec 0000 0000 000a 0001 0406 0404
...and back again.
PC: 0422, State: 0002: Registers:
 0000 beef 0400 0500 046c 049a 0000 0000 049a 03ec 0000 0000 000a 0001 0406 0404
PC: 0424, State: 0002: Registers:
 0000 beef 0400 0500 046c 049a 0000 0000 049a 03ec 0000 0000 000a 0001 0406 0406
PC: 0426, State: 0002: Registers:
 0000 beef 0400 0500 046c 049a 0000 0000 049a 03ec 0000 0000 000a 0001 0406 0406
PC: 0428, State: 0002: Registers:
 0000 beef 0400 0500 046c 049a 0000 0000 049a 03ec 0000 0000 000a 0001 0406 0406
PC: 042a, State: 0002: Registers:
 0000 beef 0400 0500 046c 049a 0000 0000 049a 03ec 0000 0000 000a 0001 0000 0408
PC: 0008, State: 0002: Registers:
 0000 beef 0400 0500 046c 049a 0000 0000 049a 03ec 0000 0000 000a 0001 0000 040a
CPU has halted.
