PC: 0002, State: 0002: Registers:
 0000 0000 0000 0000 0000 0000 0000 0000 0000 0000 0000 0000 0000 0000 0000 0000
PC: 0004, State: 0002: Registers:
 0000 0000 0000 0000 0000 0000 0000 0000 0000 0000 0000 0000 0000 0000 0000 fffe
PC: 0006, State: 0002: Registers:
 0000 0000 0000 0000 0000 0000 0000 0000 0000 0000 0000 0000 0000 0000 0000 fffc
PC: 0008, State: 0002: Registers:
 0000 0000 0000 0000 0000 0000 0000 0000 0000 0000 0000 0000 0000 0000 fffc fffc
PC: 000a, State: 0002: Registers:
 0000 0000 0000 0000 0000 0000 0000 0000 0000 0000 0000 0000 0000 0000 fffc fffa
PC: 000c, State: 0002: Registers:
 0000 0000 0000 0000 0000 0000 0000 0000 0000 0000 0000 0000 0000 0000 fffc fff8
PC: 000e, State: 0002: Registers:
 0000 0000 0000 0000 0000 0000 0000 0000 0000 0000 0000 0000 0000 0000 fffc fff6
PC: 0010, State: 0002: Registers:
 0000 0000 0000 0000 0000 0000 0000 0000 0000 0000 0000 0000 0000 0000 fffc fff4
PC: 0012, State: 0002: Registers:
 0000 0000 0000 0000 0000 0000 0000 0000 0000 0000 0000 0000 0000 0000 fffc fff2
PC: 0014, State: 0002: Registers:
 0000 0000 0000 0000 0000 0000 0000 0000 0000 0000 0000 0000 0000 0000 fffc fff0
PC: 0018, State: 0002: Registers:
 0000 0000 0000 0000 0000 0041 0000 0000 0000 0000 0000 0000 0000 0000 fffc fff0
PC: 001c, State: 0002: Registers:
 ffff 0000 0000 0000 0000 0041 0000 0000 0000 0000 0000 0000 0000 0000 fffc fff0
PC: 0020, State: 0002: Registers:
 ffff 0000 0000 0000 0000 0041 0000 0000 0000 0000 0000 0000 0000 0000 fffc fff0
PC: 0022, State: 0002: Registers:
 ffff 0001 0000 0000 0000 0041 0000 0000 0000 0000 0000 0000 0000 0000 fffc fff0
PC: 0024, State: 0003: Registers:
 ffff 0001 0000 0000 0000 0041 0000 0000 0000 0000 0000 0000 0000 0000 fffc fff0
PC: 002a, State: 0003: Registers:
 ffff 0001 0000 0000 0000 0041 0000 0000 0000 0000 0000 0000 0000 0000 fffc fff0
PC: 002c, State: 0003: Registers:
 0000 0001 0000 0000 0000 0041 0000 0000 0000 0000 0000 0000 0000 0000 fffc fff0
PC: 002e, State: 0003: Registers:
 0000 0000 0000 0000 0000 0041 0000 0000 0000 0000 0000 0000 0000 0000 fffc fff0
PC: 0030, State: 0003: Registers:
 0000 0000 0000 0000 0000 0041 0000 0000 0000 0000 0000 0000 0000 0000 fffc fff0
PC: 0032, State: 0003: Registers:
 0001 0000 0000 0000 0000 0041 0000 0000 0000 0000 0000 0000 0000 0000 fffc fff0
PC: 0034, State: 0003: Registers:
 0001 0000 0000 0000 0000 0042 0000 0000 0000 0000 0000 0000 0000 0000 fffc fff0
PC: 0036, State: 0003: Registers:
 0001 0000 0000 0000 0000 0042 0000 0000 0000 0000 0000 0000 0000 0000 fffc fff0
PC: 003c, State: 0003: Registers:
 0001 0000 0000 0000 0000 0042 0000 0000 0000 0000 0000 0000 0000 0000 fffc fff0
PC: 003e, State: 0003: Registers:
 0001 0001 0000 0000 0000 0042 0000 0000 0000 0000 0000 0000 0000 0000 fffc fff0
PC: 0040, State: 0003: Registers:
 0000 0001 0000 0000 0000 0042 0000 0000 0000 0000 0000 0000 0000 0000 fffc fff0
PC: 0042, State: 0003: Registers:
 0000 0001 0000 0000 0000 0042 0000 0000 0000 0000 0000 0000 0000 0000 fffc fff0
PC: 0044, State: 0003: Registers:
 0000 0000 0000 0000 0000 0042 0000 0000 0000 0000 0000 0000 0000 0000 fffc fff0
PC: 0046, State: 0003: Registers:
 0000 0001 0000 0000 0000 0042 0000 0000 0000 0000 0000 0000 0000 0000 fffc fff0
PC: 0048, State: 0003: Registers:
 0000 0001 0000 0000 0000 0043 0000 0000 0000 0000 0000 0000 0000 0000 fffc fff0
PC: 004a, State: 0003: Registers:
 0000 0001 0000 0000 0000 0043 0000 0000 0000 0000 0000 0000 0000 0000 fffc fff0
PC: 0050, State: 0003: Registers:
 0000 0001 0000 0000 0000 0043 0000 0000 0000 0000 0000 0000 0000 0000 fffc fff0
PC: 0054, State: 0003: Registers:
 0001 0001 0000 0000 0000 0043 0000 0000 0000 0000 0000 0000 0000 0000 fffc fff0
PC: 0058, State: 0003: Registers:
 0001 fffe 0000 0000 0000 0043 0000 0000 0000 0000 0000 0000 0000 0000 fffc fff0
PC: 005c, State: 0003: Registers:
 0001 fffe 0000 0000 0000 0043 0000 0000 0000 0000 0000 0000 0000 0000 fffc fff0
PC: 0060, State: 0003: Registers:
 0001 fffe 0000 1234 0000 0043 0000 0000 0000 0000 0000 0000 0000 0000 fffc fff0
PC: 0064, State: 0003: Registers:
 0001 fffe 0000 1234 f000 0043 0000 0000 0000 0000 0000 0000 0000 0000 fffc fff0
PC: 0066, State: 0003: Registers:
 0001 fffe 0000 1234 f000 0043 0000 0000 0000 0000 0000 0000 0000 0000 fffc fff0
PC: 0068, State: 0003: Registers:
 0001 fffe 0000 1234 f000 0043 0000 0000 0000 0000 0000 0000 0000 0000 fffc fff0
PC: 006a, State: 0002: Registers:
 0001 fffe 0000 1234 f000 0043 0000 0000 0000 0000 0000 0000 0000 0000 fffc fff0
PC: 006c, State: 0003: Registers:
 0001 fffe 0000 1234 f000 0043 0000 0000 0000 0000 0000 0000 0000 0000 fffc fff0
PC: 006e, State: 0003: Registers:
 0000 fffe 0000 1234 f000 0043 0000 0000 0000 0000 0000 0000 0000 0000 fffc fff0
PC: 0070, State: 0003: Registers:
 0000 0000 0000 1234 f000 0043 0000 0000 0000 0000 0000 0000 0000 0000 fffc fff0
PC: 0072, State: 0003: Registers:
 0000 0000 0001 1234 f000 0043 0000 0000 0000 0000 0000 0000 0000 0000 fffc fff0
PC: 0074, State: 0003: Registers:
 0000 0000 0001 1234 f000 0044 0000 0000 0000 0000 0000 0000 0000 0000 fffc fff0
PC: 0076, State: 0003: Registers:
 0000 0000 0001 1234 f000 0044 0000 0000 0000 0000 0000 0000 0000 0000 fffc fff0
PC: 007c, State: 0003: Registers:
 0000 0000 0001 1234 f000 0044 0000 0000 0000 0000 0000 0000 0000 0000 fffc fff0
PC: 0080, State: 0003: Registers:
 0000 0001 0001 1234 f000 0044 0000 0000 0000 0000 0000 0000 0000 0000 fffc fff0
PC: 0082, State: 0003: Registers:
 0001 0001 0001 1234 f000 0044 0000 0000 0000 0000 0000 0000 0000 0000 fffc fff0
PC: 0084, State: 0003: Registers:
 0001 0000 0001 1234 f000 0044 0000 0000 0000 0000 0000 0000 0000 0000 fffc fff0
PC: 0086, State: 0003: Registers:
 0001 0000 0001 0000 f000 0044 0000 0000 0000 0000 0000 0000 0000 0000 fffc fff0
PC: 0088, State: 0003: Registers:
 0001 0000 0000 0000 f000 0044 0000 0000 0000 0000 0000 0000 0000 0000 fffc fff0
PC: 008a, State: 0003: Registers:
 0001 0000 0000 0000 f000 0044 0000 0000 0000 0000 0000 0000 0000 0000 fffc fff0
PC: 008c, State: 0003: Registers:
 0001 0000 0001 0000 f000 0044 0000 0000 0000 0000 0000 0000 0000 0000 fffc fff0
PC: 008e, State: 0003: Registers:
 0001 0001 0001 0000 f000 0044 0000 0000 0000 0000 0000 0000 0000 0000 fffc fff0
PC: 0090, State: 0003: Registers:
 0001 0001 0001 0001 f000 0044 0000 0000 0000 0000 0000 0000 0000 0000 fffc fff0
PC: 0092, State: 0003: Registers:
 0001 0001 0001 0001 f000 0044 0000 0000 0000 0000 0000 0000 0000 0000 fffc fff0
PC: 0094, State: 0003: Registers:
 0001 0001 0001 0001 f000 0044 0000 0000 0000 0000 0000 0000 0000 0000 fffc fff0
PC: 0096, State: 0003: Registers:
 0001 0001 0001 0001 f000 0045 0000 0000 0000 0000 0000 0000 0000 0000 fffc fff0
PC: 009c, State: 0003: Registers:
 0001 0001 0001 0001 f000 0045 0000 0000 0000 0000 0000 0000 0000 0000 fffc fff0
PC: 00a0, State: 0003: Registers:
 0001 0001 0001 fffe f000 0045 0000 0000 0000 0000 0000 0000 0000 0000 fffc fff0
PC: 00a4, State: 0003: Registers:
 0001 0001 0001 fffe fffe 0045 0000 0000 0000 0000 0000 0000 0000 0000 fffc fff0
PC: 00a6, State: 0003: Registers:
 0001 0001 0001 fffe fffe 0045 0000 0000 0000 0000 0000 0000 0000 0000 fffc fff0
PC: 00aa, State: 0003: Registers:
 0001 0001 0001 aaaa fffe 0045 0000 0000 0000 0000 0000 0000 0000 0000 fffc fff0
PC: 00ae, State: 0003: Registers:
 0001 0001 0001 aaaa 5555 0045 0000 0000 0000 0000 0000 0000 0000 0000 fffc fff0
PC: 00b0, State: 0003: Registers:
 aaaa 0001 0001 aaaa 5555 0045 0000 0000 0000 0000 0000 0000 0000 0000 fffc fff0
PC: 00b2, State: 0003: Registers:
 aaaa 5555 0001 aaaa 5555 0045 0000 0000 0000 0000 0000 0000 0000 0000 fffc fff0
PC: 00b4, State: 0003: Registers:
 aaaa 5555 0001 aaaa 5555 0046 0000 0000 0000 0000 0000 0000 0000 0000 fffc fff0
PC: 00b6, State: 0002: Registers:
 aaaa 5555 0001 aaaa 5555 0046 0000 0000 0000 0000 0000 0000 0000 0000 fffc fff0
PC: 00b8, State: 0002: Registers:
 aaaa 5555 0001 aaaa 5555 0046 0000 0000 0000 0000 0000 0000 0000 0000 fffc fff0
PC: 00be, State: 0002: Registers:
 aaaa 5555 0001 aaaa 5555 0046 0000 0000 0000 0000 0000 0000 0000 0000 fffc fff0
PC: 00c0, State: 0002: Registers:
 aaaa 5555 0001 aaaa ffff 0046 0000 0000 0000 0000 0000 0000 0000 0000 fffc fff0
PC: 00c2, State: 0002: Registers:
 aaaa 5555 0001 aaaa 0000 0046 0000 0000 0000 0000 0000 0000 0000 0000 fffc fff0
PC: 00c4, State: 0002: Registers:
 aaaa 5555 0001 aaaa 0000 0047 0000 0000 0000 0000 0000 0000 0000 0000 fffc fff0
PC: 00c6, State: 0002: Registers:
 aaaa 5555 0001 aaaa 0000 0047 0000 0000 0000 0000 0000 0000 0000 0000 fffc fff0
PC: 00c8, State: 0002: Registers:
 aaaa 5555 0001 aaaa 0000 0047 0000 0000 0000 0000 0000 0000 0000 0000 fffc fff0
PC: 00ce, State: 0002: Registers:
 aaaa 5555 0001 aaaa 0000 0047 0000 0000 0000 0000 0000 0000 0000 0000 fffc fff0
PC: 00d2, State: 0002: Registers:
 aaaa 5555 0001 aaaa 010c 0047 0000 0000 0000 0000 0000 0000 0000 0000 fffc fff0
PC: 00d4, State: 0002: Registers:
 aaaa 5555 0001 aaaa 010c 0047 0000 0000 0000 0000 0000 0000 0000 0000 fffc ffee
PC: 0112, State: 0002: Registers:
 aaaa 5555 0001 aaaa 010c 0047 0000 0000 0000 0000 0000 0000 0000 0000 fffc ffec
PC: 0114, State: 0002: Registers:
 aaaa 5555 0001 aaaa 010c 0047 0000 0000 0000 0000 0000 0000 0000 0000 fffc ffea
PC: 0116, State: 0002: Registers:
 aaaa 5555 0001 aaaa 010c 0047 0000 0000 0000 0000 0000 0000 0000 0000 fffc ffe8
PC: 0118, State: 0002: Registers:
 aaaa ffe8 0001 aaaa 010c 0047 0000 0000 0000 0000 0000 0000 0000 0000 fffc ffe8
PC: 011c, State: 0002: Registers:
 0006 ffe8 0001 aaaa 010c 0047 0000 0000 0000 0000 0000 0000 0000 0000 fffc ffe8
PC: 011e, State: 0002: Registers:
 0006 ffee 0001 aaaa 010c 0047 0000 0000 0000 0000 0000 0000 0000 0000 fffc ffe8
PC: 0120, State: 0002: Registers:
 010c ffee 0001 aaaa 010c 0047 0000 0000 0000 0000 0000 0000 0000 0000 fffc ffe8
PC: 0122, State: 0002: Registers:
 010c 004f 0001 aaaa 010c 0047 0000 0000 0000 0000 0000 0000 0000 0000 fffc ffe8
PC: 0124, State: 0003: Registers:
 010c 004f 0001 aaaa 010c 0047 0000 0000 0000 0000 0000 0000 0000 0000 fffc ffe8
PC: 0128, State: 0003: Registers:
 010c 004f 0001 aaaa 010c 0047 0000 0000 0000 0000 0000 0000 0000 0000 fffc ffe8
OPC: 012a, State: 0003: Registers:
 010c 004f 0001 aaaa 010c 0047 0000 0000 0000 0000 0000 0000 0000 0000 fffc ffe8
PC: 012c, State: 0003: Registers:
 010d 004f 0001 aaaa 010c 0047 0000 0000 0000 0000 0000 0000 0000 0000 fffc ffe8
PC: 0120, State: 0003: Registers:
 010d 004f 0001 aaaa 010c 0047 0000 0000 0000 0000 0000 0000 0000 0000 fffc ffe8
PC: 0122, State: 0003: Registers:
 010d 006b 0001 aaaa 010c 0047 0000 0000 0000 0000 0000 0000 0000 0000 fffc ffe8
PC: 0124, State: 0003: Registers:
 010d 006b 0001 aaaa 010c 0047 0000 0000 0000 0000 0000 0000 0000 0000 fffc ffe8
PC: 0128, State: 0003: Registers:
 010d 006b 0001 aaaa 010c 0047 0000 0000 0000 0000 0000 0000 0000 0000 fffc ffe8
kPC: 012a, State: 0003: Registers:
 010d 006b 0001 aaaa 010c 0047 0000 0000 0000 0000 0000 0000 0000 0000 fffc ffe8
PC: 012c, State: 0003: Registers:
 010e 006b 0001 aaaa 010c 0047 0000 0000 0000 0000 0000 0000 0000 0000 fffc ffe8
PC: 0120, State: 0003: Registers:
 010e 006b 0001 aaaa 010c 0047 0000 0000 0000 0000 0000 0000 0000 0000 fffc ffe8
PC: 0122, State: 0003: Registers:
 010e 0061 0001 aaaa 010c 0047 0000 0000 0000 0000 0000 0000 0000 0000 fffc ffe8
PC: 0124, State: 0003: Registers:
 010e 0061 0001 aaaa 010c 0047 0000 0000 0000 0000 0000 0000 0000 0000 fffc ffe8
PC: 0128, State: 0003: Registers:
 010e 0061 0001 aaaa 010c 0047 0000 0000 0000 0000 0000 0000 0000 0000 fffc ffe8
aPC: 012a, State: 0003: Registers:
 010e 0061 0001 aaaa 010c 0047 0000 0000 0000 0000 0000 0000 0000 0000 fffc ffe8
PC: 012c, State: 0003: Registers:
 010f 0061 0001 aaaa 010c 0047 0000 0000 0000 0000 0000 0000 0000 0000 fffc ffe8
PC: 0120, State: 0003: Registers:
 010f 0061 0001 aaaa 010c 0047 0000 0000 0000 0000 0000 0000 0000 0000 fffc ffe8
PC: 0122, State: 0003: Registers:
 010f 0079 0001 aaaa 010c 0047 0000 0000 0000 0000 0000 0000 0000 0000 fffc ffe8
PC: 0124, State: 0003: Registers:
 010f 0079 0001 aaaa 010c 0047 0000 0000 0000 0000 0000 0000 0000 0000 fffc ffe8
PC: 0128, State: 0003: Registers:
 010f 0079 0001 aaaa 010c 0047 0000 0000 0000 0000 0000 0000 0000 0000 fffc ffe8
yPC: 012a, State: 0003: Registers:
 010f 0079 0001 aaaa 010c 0047 0000 0000 0000 0000 0000 0000 0000 0000 fffc ffe8
PC: 012c, State: 0003: Registers:
 0110 0079 0001 aaaa 010c 0047 0000 0000 0000 0000 0000 0000 0000 0000 fffc ffe8
PC: 0120, State: 0003: Registers:
 0110 0079 0001 aaaa 010c 0047 0000 0000 0000 0000 0000 0000 0000 0000 fffc ffe8
PC: 0122, State: 0003: Registers:
 0110 0021 0001 aaaa 010c 0047 0000 0000 0000 0000 0000 0000 0000 0000 fffc ffe8
PC: 0124, State: 0003: Registers:
 0110 0021 0001 aaaa 010c 0047 0000 0000 0000 0000 0000 0000 0000 0000 fffc ffe8
PC: 0128, State: 0003: Registers:
 0110 0021 0001 aaaa 010c 0047 0000 0000 0000 0000 0000 0000 0000 0000 fffc ffe8
!PC: 012a, State: 0003: Registers:
 0110 0021 0001 aaaa 010c 0047 0000 0000 0000 0000 0000 0000 0000 0000 fffc ffe8
PC: 012c, State: 0003: Registers:
 0111 0021 0001 aaaa 010c 0047 0000 0000 0000 0000 0000 0000 0000 0000 fffc ffe8
PC: 0120, State: 0003: Registers:
 0111 0021 0001 aaaa 010c 0047 0000 0000 0000 0000 0000 0000 0000 0000 fffc ffe8
PC: 0122, State: 0003: Registers:
 0111 0000 0001 aaaa 010c 0047 0000 0000 0000 0000 0000 0000 0000 0000 fffc ffe8
PC: 0124, State: 0002: Registers:
 0111 0000 0001 aaaa 010c 0047 0000 0000 0000 0000 0000 0000 0000 0000 fffc ffe8
PC: 0126, State: 0002: Registers:
 0111 0000 0001 aaaa 010c 0047 0000 0000 0000 0000 0000 0000 0000 0000 fffc ffe8
PC: 012e, State: 0002: Registers:
 0111 0000 0001 aaaa 010c 0047 0000 0000 0000 0000 0000 0000 0000 0000 fffc ffe8
PC: 0132, State: 0002: Registers:
 0111 000a 0001 aaaa 010c 0047 0000 0000 0000 0000 0000 0000 0000 0000 fffc ffe8

PC: 0134, State: 0002: Registers:
 0111 000a 0001 aaaa 010c 0047 0000 0000 0000 0000 0000 0000 0000 0000 fffc ffe8
PC: 0136, State: 0002: Registers:
 0111 5555 0001 aaaa 010c 0047 0000 0000 0000 0000 0000 0000 0000 0000 fffc ffea
PC: 0138, State: 0002: Registers:
 aaaa 5555 0001 aaaa 010c 0047 0000 0000 0000 0000 0000 0000 0000 0000 fffc ffec
PC: 00d8, State: 0002: Registers:
 aaaa 5555 0001 aaaa 010c 0047 0000 0000 0000 0000 0000 0000 0000 0000 fffc ffee
PC: 00da, State: 0002: Registers:
 aaaa 5555 0001 aaaa 010c 0047 0000 0000 0000 0000 0000 0000 0000 0000 fffc fff0
PC: 00dc, State: 0002: Registers:
 aaaa 5555 0001 0000 010c 0047 0000 0000 0000 0000 0000 0000 0000 0000 fffc fff2
PC: 00de, State: 0002: Registers:
 aaaa 5555 0000 0000 010c 0047 0000 0000 0000 0000 0000 0000 0000 0000 fffc fff4
PC: 00e0, State: 0002: Registers:
 aaaa 0000 0000 0000 010c 0047 0000 0000 0000 0000 0000 0000 0000 0000 fffc fff6
PC: 00e2, State: 0002: Registers:
 0000 0000 0000 0000 010c 0047 0000 0000 0000 0000 0000 0000 0000 0000 fffc fff8
PC: 00e4, State: 0002: Registers:
 0000 0000 0000 0000 010c 0047 0000 0000 0000 0000 0000 0000 0000 0000 fffc fffc
PC: 00e6, State: 0002: Registers:
 0000 0000 0000 0000 010c 0047 0000 0000 0000 0000 0000 0000 0000 0000 fffc fffc
PC: 0000, State: 0002: Registers:
 0000 0000 0000 0000 010c 0047 0000 0000 0000 0000 0000 0000 0000 0000 fffc fffe
PC: 0002, State: 0002: Registers:
 0000 0000 0000 0000 010c 0047 0000 0000 0000 0000 0000 0000 0000 0000 fffc fffe
PC: 0004, State: 0002: Registers:
 0000 0000 0000 0000 010c 0047 0000 0000 0000 0000 0000 0000 0000 0000 fffc fffc
PC: 0006, State: 0002: Registers:
 0000 0000 0000 0000 010c 0047 0000 0000 0000 0000 0000 0000 0000 0000 fffc fffa
PC: 0008, State: 0002: Registers:
 0000 0000 0000 0000 010c 0047 0000 0000 0000 0000 0000 0000 0000 0000 fffa fffa
PC: 000a, State: 0002: Registers:
 0000 0000 0000 0000 010c 0047 0000 0000 0000 0000 0000 0000 0000 0000 fffa fff8
PC: 000c, State: 0002: Registers:
 0000 0000 0000 0000 010c 0047 0000 0000 0000 0000 0000 0000 0000 0000 fffa fff6
PC: 000e, State: 0002: Registers:
 0000 0000 0000 0000 010c 0047 0000 0000 0000 0000 0000 0000 0000 0000 fffa fff4
PC: 0010, State: 0002: Registers:
 0000 0000 0000 0000 010c 0047 0000 0000 0000 0000 0000 0000 0000 0000 fffa fff2
PC: 0012, State: 0002: Registers:
 0000 0000 0000 0000 010c 0047 0000 0000 0000 0000 0000 0000 0000 0000 fffa fff0
PC: 0014, State: 0002: Registers:
 0000 0000 0000 0000 010c 0047 0000 0000 0000 0000 0000 0000 0000 0000 fffa ffee
PC: 0018, State: 0002: Registers:
 0000 0000 0000 0000 010c 0041 0000 0000 0000 0000 0000 0000 0000 0000 fffa ffee
PC: 001c, State: 0002: Registers:
 ffff 0000 0000 0000 010c 0041 0000 0000 0000 0000 0000 0000 0000 0000 fffa ffee
PC: 0020, State: 0002: Registers:
 ffff 0000 0000 0000 010c 0041 0000 0000 0000 0000 0000 0000 0000 0000 fffa ffee
PC: 0022, State: 0002: Registers:
 ffff 0001 0000 0000 010c 0041 0000 0000 0000 0000 0000 0000 0000 0000 fffa ffee
PC: 0024, State: 0003: Registers:
 ffff 0001 0000 0000 010c 0041 0000 0000 0000 0000 0000 0000 0000 0000 fffa ffee
PC: 002a, State: 0003: Registers:
 ffff 0001 0000 0000 010c 0041 0000 0000 0000 0000 0000 0000 0000 0000 fffa ffee
PC: 002c, State: 0003: Registers:
 0000 0001 0000 0000 010c 0041 0000 0000 0000 0000 0000 0000 0000 0000 fffa ffee
PC: 002e, State: 0003: Registers:
 0000 0000 0000 0000 010c 0041 0000 0000 0000 0000 0000 0000 0000 0000 fffa ffee
PC: 0030, State: 0003: Registers:
 0000 0000 0000 0000 010c 0041 0000 0000 0000 0000 0000 0000 0000 0000 fffa ffee
PC: 0032, State: 0003: Registers:
 0001 0000 0000 0000 010c 0041 0000 0000 0000 0000 0000 0000 0000 0000 fffa ffee
PC: 0034, State: 0003: Registers:
 0001 0000 0000 0000 010c 0042 0000 0000 0000 0000 0000 0000 0000 0000 fffa ffee
PC: 0036, State: 0003: Registers:
 0001 0000 0000 0000 010c 0042 0000 0000 0000 0000 0000 0000 0000 0000 fffa ffee
PC: 003c, State: 0003: Registers:
 0001 0000 0000 0000 010c 0042 0000 0000 0000 0000 0000 0000 0000 0000 fffa ffee
PC: 003e, State: 0003: Registers:
 0001 0001 0000 0000 010c 0042 0000 0000 0000 0000 0000 0000 0000 0000 fffa ffee
PC: 0040, State: 0003: Registers:
 0000 0001 0000 0000 010c 0042 0000 0000 0000 0000 0000 0000 0000 0000 fffa ffee
PC: 0042, State: 0003: Registers:
 0000 0001 0000 0000 010c 0042 0000 0000 0000 0000 0000 0000 0000 0000 fffa ffee
PC: 0044, State: 0003: Registers:
 0000 0000 0000 0000 010c 0042 0000 0000 0000 0000 0000 0000 0000 0000 fffa ffee
PC: 0046, State: 0003: Registers:
 0000 0001 0000 0000 010c 0042 0000 0000 0000 0000 0000 0000 0000 0000 fffa ffee
PC: 0048, State: 0003: Registers:
 0000 0001 0000 0000 010c 0043 0000 0000 0000 0000 0000 0000 0000 0000 fffa ffee
PC: 004a, State: 0003: Registers:
 0000 0001 0000 0000 010c 0043 0000 0000 0000 0000 0000 0000 0000 0000 fffa ffee
PC: 0050, State: 0003: Registers:
 0000 0001 0000 0000 010c 0043 0000 0000 0000 0000 0000 0000 0000 0000 fffa ffee
PC: 0054, State: 0003: Registers:
 0001 0001 0000 0000 010c 0043 0000 0000 0000 0000 0000 0000 0000 0000 fffa ffee
PC: 0058, State: 0003: Registers:
 0001 fffe 0000 0000 010c 0043 0000 0000 0000 0000 0000 0000 0000 0000 fffa ffee
PC: 005c, State: 0003: Registers:
 0001 fffe 0000 0000 010c 0043 0000 0000 0000 0000 0000 0000 0000 0000 fffa ffee
PC: 0060, State: 0003: Registers:
 0001 fffe 0000 1234 010c 0043 0000 0000 0000 0000 0000 0000 0000 0000 fffa ffee
PC: 0064, State: 0003: Registers:
 0001 fffe 0000 1234 f000 0043 0000 0000 0000 0000 0000 0000 0000 0000 fffa ffee
PC: 0066, State: 0003: Registers:
 0001 fffe 0000 1234 f000 0043 0000 0000 0000 0000 0000 0000 0000 0000 fffa ffee
PC: 0068, State: 0003: Registers:
 0001 fffe 0000 1234 f000 0043 0000 0000 0000 0000 0000 0000 0000 0000 fffa ffee
PC: 006a, State: 0002: Registers:
 0001 fffe 0000 1234 f000 0043 0000 0000 0000 0000 0000 0000 0000 0000 fffa ffee
PC: 006c, State: 0003: Registers:
 0001 fffe 0000 1234 f000 0043 0000 0000 0000 0000 0000 0000 0000 0000 fffa ffee
PC: 006e, State: 0003: Registers:
 0000 fffe 0000 1234 f000 0043 0000 0000 0000 0000 0000 0000 0000 0000 fffa ffee
PC: 0070, State: 0003: Registers:
 0000 0000 0000 1234 f000 0043 0000 0000 0000 0000 0000 0000 0000 0000 fffa ffee
PC: 0072, State: 0003: Registers:
 0000 0000 0001 1234 f000 0043 0000 0000 0000 0000 0000 0000 0000 0000 fffa ffee
PC: 0074, State: 0003: Registers:
 0000 0000 0001 1234 f000 0044 0000 0000 0000 0000 0000 0000 0000 0000 fffa ffee
PC: 0076, State: 0003: Registers:
 0000 0000 0001 1234 f000 0044 0000 0000 0000 0000 0000 0000 0000 0000 fffa ffee
PC: 007c, State: 0003: Registers:
 0000 0000 0001 1234 f000 0044 0000 0000 0000 0000 0000 0000 0000 0000 fffa ffee
PC: 0080, State: 0003: Registers:
 0000 0001 0001 1234 f000 0044 0000 0000 0000 0000 0000 0000 0000 0000 fffa ffee
PC: 0082, State: 0003: Registers:
 0001 0001 0001 1234 f000 0044 0000 0000 0000 0000 0000 0000 0000 0000 fffa ffee
PC: 0084, State: 0003: Registers:
 0001 0000 0001 1234 f000 0044 0000 0000 0000 0000 0000 0000 0000 0000 fffa ffee
PC: 0086, State: 0003: Registers:
 0001 0000 0001 0000 f000 0044 0000 0000 0000 0000 0000 0000 0000 0000 fffa ffee
PC: 0088, State: 0003: Registers:
 0001 0000 0000 0000 f000 0044 0000 0000 0000 0000 0000 0000 0000 0000 fffa ffee
PC: 008a, State: 0003: Registers:
 0001 0000 0000 0000 f000 0044 0000 0000 0000 0000 0000 0000 0000 0000 fffa ffee
PC: 008c, State: 0003: Registers:
 0001 0000 0001 0000 f000 0044 0000 0000 0000 0000 0000 0000 0000 0000 fffa ffee
PC: 008e, State: 0003: Registers:
 0001 0001 0001 0000 f000 0044 0000 0000 0000 0000 0000 0000 0000 0000 fffa ffee
PC: 0090, State: 0003: Registers:
 0001 0001 0001 0001 f000 0044 0000 0000 0000 0000 0000 0000 0000 0000 fffa ffee
PC: 0092, State: 0003: Registers:
 0001 0001 0001 0001 f000 0044 0000 0000 0000 0000 0000 0000 0000 0000 fffa ffee
PC: 0094, State: 0003: Registers:
 0001 0001 0001 0001 f000 0044 0000 0000 0000 0000 0000 0000 0000 0000 fffa ffee
PC: 0096, State: 0003: Registers:
 0001 0001 0001 0001 f000 0045 0000 0000 0000 0000 0000 0000 0000 0000 fffa ffee
PC: 009c, State: 0003: Registers:
 0001 0001 0001 0001 f000 0045 0000 0000 0000 0000 0000 0000 0000 0000 fffa ffee
PC: 00a0, State: 0003: Registers:
 0001 0001 0001 fffe f000 0045 0000 0000 0000 0000 0000 0000 0000 0000 fffa ffee
PC: 00a4, State: 0003: Registers:
 0001 0001 0001 fffe fffe 0045 0000 0000 0000 0000 0000 0000 0000 0000 fffa ffee
PC: 00a6, State: 0003: Registers:
 0001 0001 0001 fffe fffe 0045 0000 0000 0000 0000 0000 0000 0000 0000 fffa ffee
PC: 00aa, State: 0003: Registers:
 0001 0001 0001 aaaa fffe 0045 0000 0000 0000 0000 0000 0000 0000 0000 fffa ffee
PC: 00ae, State: 0003: Registers:
 0001 0001 0001 aaaa 5555 0045 0000 0000 0000 0000 0000 0000 0000 0000 fffa ffee
PC: 00b0, State: 0003: Registers:
 aaaa 0001 0001 aaaa 5555 0045 0000 0000 0000 0000 0000 0000 0000 0000 fffa ffee
PC: 00b2, State: 0003: Registers:
 aaaa 5555 0001 aaaa 5555 0045 0000 0000 0000 0000 0000 0000 0000 0000 fffa ffee
PC: 00b4, State: 0003: Registers:
 aaaa 5555 0001 aaaa 5555 0046 0000 0000 0000 0000 0000 0000 0000 0000 fffa ffee
PC: 00b6, State: 0002: Registers:
 aaaa 5555 0001 aaaa 5555 0046 0000 0000 0000 0000 0000 0000 0000 0000 fffa ffee
PC: 00b8, State: 0002: Registers:
 aaaa 5555 0001 aaaa 5555 0046 0000 0000 0000 0000 0000 0000 0000 0000 fffa ffee
PC: 00be, State: 0002: Registers:
 aaaa 5555 0001 aaaa 5555 0046 0000 0000 0000 0000 0000 0000 0000 0000 fffa ffee
PC: 00c0, State: 0002: Registers:
 aaaa 5555 0001 aaaa ffff 0046 0000 0000 0000 0000 0000 0000 0000 0000 fffa ffee
PC: 00c2, State: 0002: Registers:
 aaaa 5555 0001 aaaa 0000 0046 0000 0000 0000 0000 0000 0000 0000 0000 fffa ffee
PC: 00c4, State: 0002: Registers:
 aaaa 5555 0001 aaaa 0000 0047 0000 0000 0000 0000 0000 0000 0000 0000 fffa ffee
PC: 00c6, State: 0002: Registers:
 aaaa 5555 0001 aaaa 0000 0047 0000 0000 0000 0000 0000 0000 0000 0000 fffa ffee
PC: 00c8, State: 0002: Registers:
 aaaa 5555 0001 aaaa 0000 0047 0000 0000 0000 0000 0000 0000 0000 0000 fffa ffee
PC: 00ce, State: 0002: Registers:
 aaaa 5555 0001 aaaa 0000 0047 0000 0000 0000 0000 0000 0000 0000 0000 fffa ffee
PC: 00d2, State: 0002: Registers:
 aaaa 5555 0001 aaaa 010c 0047 0000 0000 0000 0000 0000 0000 0000 0000 fffa ffee
PC: 00d4, State: 0002: Registers:
 aaaa 5555 0001 aaaa 010c 0047 0000 0000 0000 0000 0000 0000 0000 0000 fffa ffec
PC: 0112, State: 0002: Registers:
 aaaa 5555 0001 aaaa 010c 0047 0000 0000 0000 0000 0000 0000 0000 0000 fffa ffea
PC: 0114, State: 0002: Registers:
 aaaa 5555 0001 aaaa 010c 0047 0000 0000 0000 0000 0000 0000 0000 0000 fffa ffe8
PC: 0116, State: 0002: Registers:
 aaaa 5555 0001 aaaa 010c 0047 0000 0000 0000 0000 0000 0000 0000 0000 fffa ffe6
PC: 0118, State: 0002: Registers:
 aaaa ffe6 0001 aaaa 010c 0047 0000 0000 0000 0000 0000 0000 0000 0000 fffa ffe6
PC: 011c, State: 0002: Registers:
 0006 ffe6 0001 aaaa 010c 0047 0000 0000 0000 0000 0000 0000 0000 0000 fffa ffe6
PC: 011e, State: 0002: Registers:
 0006 ffec 0001 aaaa 010c 0047 0000 0000 0000 0000 0000 0000 0000 0000 fffa ffe6
PC: 0120, State: 0002: Registers:
 010c ffec 0001 aaaa 010c 0047 0000 0000 0000 0000 0000 0000 0000 0000 fffa ffe6
PC: 0122, State: 0002: Registers:
 010c 004f 0001 aaaa 010c 0047 0000 0000 0000 0000 0000 0000 0000 0000 fffa ffe6
PC: 0124, State: 0003: Registers:
 010c 004f 0001 aaaa 010c 0047 0000 0000 0000 0000 0000 0000 0000 0000 fffa ffe6
PC: 0128, State: 0003: Registers:
 010c 004f 0001 aaaa 010c 0047 0000 0000 0000 0000 0000 0000 0000 0000 fffa ffe6
OPC: 012a, State: 0003: Registers:
 010c 004f 0001 aaaa 010c 0047 0000 0000 0000 0000 0000 0000 0000 0000 fffa ffe6
PC: 012c, State: 0003: Registers:
 010d 004f 0001 aaaa 010c 0047 0000 0000 0000 0000 0000 0000 0000 0000 fffa ffe6
PC: 0120, State: 0003: Registers:
 010d 004f 0001 aaaa 010c 0047 0000 0000 0000 0000 0000 0000 0000 0000 fffa ffe6
PC: 0122, State: 0003: Registers:
 010d 006b 0001 aaaa 010c 0047 0000 0000 0000 0000 0000 0000 0000 0000 fffa ffe6
PC: 0124, State: 0003: Registers:
 010d 006b 0001 aaaa 010c 0047 0000 0000 0000 0000 0000 0000 0000 0000 fffa ffe6
PC: 0128, State: 0003: Registers:
 010d 006b 0001 aaaa 010c 0047 0000 0000 0000 0000 0000 0000 0000 0000 fffa ffe6
kPC: 012a, State: 0003: Registers:
 010d 006b 0001 aaaa 010c 0047 0000 0000 0000 0000 0000 0000 0000 0000 fffa ffe6
PC: 012c, State: 0003: Registers:
 010e 006b 0001 aaaa 010c 0047 0000 0000 0000 0000 0000 0000 0000 0000 fffa ffe6
PC: 0120, State: 0003: Registers:
 010e 006b 0001 aaaa 010c 0047 0000 0000 0000 0000 0000 0000 0000 0000 fffa ffe6
PC: 0122, State: 0003: Registers:
 010e 0061 0001 aaaa 010c 0047 0000 0000 0000 0000 0000 0000 0000 0000 fffa ffe6
PC: 0124, State: 0003: Registers:
 010e 0061 0001 aaaa 010c 0047 0000 0000 0000 0000 0000 0000 0000 0000 fffa ffe6
PC: 0128, State: 0003: Registers:
 010e 0061 0001 aaaa 010c 0047 0000 0000 0000 0000 0000 0000 0000 0000 fffa ffe6
aPC: 012a, State: 0003: Registers:
 010e 0061 0001 aaaa 010c 0047 0000 0000 0000 0000 0000 0000 0000 0000 fffa ffe6
PC: 012c, State: 0003: Registers:
 010f 0061 0001 aaaa 010c 0047 0000 0000 0000 0000 0000 0000 0000 0000 fffa ffe6
PC: 0120, State: 0003: Registers:
 010f 0061 0001 aaaa 010c 0047 0000 0000 0000 0000 0000 0000 0000 0000 fffa ffe6
PC: 0122, State: 0003: Registers:
 010f 0079 0001 aaaa 010c 0047 0000 0000 0000 0000 0000 0000 0000 0000 fffa ffe6
PC: 0124, State: 0003: Registers:
 010f 0079 0001 aaaa 010c 0047 0000 0000 0000 0000 0000 0000 0000 0000 fffa ffe6
PC: 0128, State: 0003: Registers:
 010f 0079 0001 aaaa 010c 0047 0000 0000 0000 0000 0000 0000 0000 0000 fffa ffe6
yPC: 012a, State: 0003: Registers:
 010f 0079 0001 aaaa 010c 0047 0000 0000 0000 0000 0000 0000 0000 0000 fffa ffe6
PC: 012c, State: 0003: Registers:
 0110 0079 0001 aaaa 010c 0047 0000 0000 0000 0000 0000 0000 0000 0000 fffa ffe6
PC: 0120, State: 0003: Registers:
 0110 0079 0001 aaaa 010c 0047 0000 0000 0000 0000 0000 0000 0000 0000 fffa ffe6
PC: 0122, State: 0003: Registers:
 0110 0021 0001 aaaa 010c 0047 0000 0000 0000 0000 0000 0000 0000 0000 fffa ffe6
PC: 0124, State: 0003: Registers:
 0110 0021 0001 aaaa 010c 0047 0000 0000 0000 0000 0000 0000 0000 0000 fffa ffe6
PC: 0128, State: 0003: Registers:
 0110 0021 0001 aaaa 010c 0047 0000 0000 0000 0000 0000 0000 0000 0000 fffa ffe6
!PC: 012a, State: 0003: Registers:
 0110 0021 0001 aaaa 010c 0047 0000 0000 0000 0000 0000 0000 0000 0000 fffa ffe6
PC: 012c, State: 0003: Registers:
 0111 0021 0001 aaaa 010c 0047 0000 0000 0000 0000 0000 0000 0000 0000 fffa ffe6
PC: 0120, State: 0003: Registers:
 0111 0021 0001 aaaa 010c 0047 0000 0000 0000 0000 0000 0000 0000 0000 fffa ffe6
PC: 0122, State: 0003: Registers:
 0111 0000 0001 aaaa 010c 0047 0000 0000 0000 0000 0000 0000 0000 0000 fffa ffe6
PC: 0124, State: 0002: Registers:
 0111 0000 0001 aaaa 010c 0047 0000 0000 0000 0000 0000 0000 0000 0000 fffa ffe6
PC: 0126, State: 0002: Registers:
 0111 0000 0001 aaaa 010c 0047 0000 0000 0000 0000 0000 0000 0000 0000 fffa ffe6
PC: 012e, State: 0002: Registers:
 0111 0000 0001 aaaa 010c 0047 0000 0000 0000 0000 0000 0000 0000 0000 fffa ffe6
PC: 0132, State: 0002: Registers:
 0111 000a 0001 aaaa 010c 0047 0000 0000 0000 0000 0000 0000 0000 0000 fffa ffe6

PC: 0134, State: 0002: Registers:
 0111 000a 0001 aaaa 010c 0047 0000 0000 0000 0000 0000 0000 0000 0000 fffa ffe6
PC: 0136, State: 0002: Registers:
 0111 5555 0001 aaaa 010c 0047 0000 0000 0000 0000 0000 0000 0000 0000 fffa ffe8
PC: 0138, State: 0002: Registers:
 aaaa 5555 0001 aaaa 010c 0047 0000 0000 0000 0000 0000 0000 0000 0000 fffa ffea
PC: 00d8, State: 0002: Registers:
 aaaa 5555 0001 aaaa 010c 0047 0000 0000 0000 0000 0000 0000 0000 0000 fffa ffec
PC: 00da, State: 0002: Registers:
 aaaa 5555 0001 aaaa 010c 0047 0000 0000 0000 0000 0000 0000 0000 0000 fffa ffee
PC: 00dc, State: 0002: Registers:
 aaaa 5555 0001 0047 010c 0047 0000 0000 0000 0000 0000 0000 0000 0000 fffa fff0
PC: 00de, State: 0002: Registers:
 aaaa 5555 010c 0047 010c 0047 0000 0000 0000 0000 0000 0000 0000 0000 fffa fff2
PC: 00e0, State: 0002: Registers:
 aaaa 0000 010c 0047 010c 0047 0000 0000 0000 0000 0000 0000 0000 0000 fffa fff4
PC: 00e2, State: 0002: Registers:
 0000 0000 010c 0047 010c 0047 0000 0000 0000 0000 0000 0000 0000 0000 fffa fff6
PC: 00e4, State: 0002: Registers:
 0000 0000 010c 0047 010c 0047 0000 0000 0000 0000 0000 0000 0000 0000 fffa fffa
PC: 00e6, State: 0002: Registers:
 0000 0000 010c 0047 010c 0047 0000 0000 0000 0000 0000 0000 0000 0000 fffa fffa
PC: fffc, State: 0002: Registers:
 0000 0000 010c 0047 010c 0047 0000 0000 0000 0000 0000 0000 0000 0000 fffa fffc
CPU has halted.
