PC: 040c, State: 0002: Registers:
 0000 0000 0000 0000 0000 0000 0000 0000 0000 0000 0000 0000 0000 0000 0000 0408
PC: 040e, State: 0002: Registers:
 0000 0000 0000 0000 0000 0000 0000 0000 0000 0000 0000 0000 0000 0000 0000 0406
PC: 0410, State: 0002: Registers:
 0000 0000 0000 0000 0000 0000 0000 0000 0000 0000 0000 0000 0000 0000 0406 0406
PC: 0414, State: 0002: Registers:
 0001 0000 0000 0000 0000 0000 0000 0000 0000 0000 0000 0000 0000 0000 0406 0406
PC: 0418, State: 0002: Registers:
 0001 0002 0000 0000 0000 0000 0000 0000 0000 0000 0000 0000 0000 0000 0406 0406
PC: 041a, State: 0002: Registers:
 ffff 0002 0000 0000 0000 0000 0000 0000 0000 0000 0000 0000 0000 0000 0406 0406
PC: 041c, State: 0003: Registers:
 ffff 0002 0000 0000 0000 0000 0000 0000 0000 0000 0000 0000 0000 0000 0406 0406
PC: 041e, State: 0002: Registers:
 ffff 0002 0000 0000 0000 0000 0000 0000 0000 0000 0000 0000 0000 0000 0406 0406
PC: 0420, State: 0002: Registers:
 ffff fffe 0000 0000 0000 0000 0000 0000 0000 0000 0000 0000 0000 0000 0406 0406
PC: 0422, State: 0002: Registers:
 ffff 0002 0000 0000 0000 0000 0000 0000 0000 0000 0000 0000 0000 0000 0406 0406
PC: 0424, State: 0002: Registers:
 ffff fffe 0000 0000 0000 0000 0000 0000 0000 0000 0000 0000 0000 0000 0406 0406
PC: 0426, State: 0002: Registers:
 ffff 0004 0000 0000 0000 0000 0000 0000 0000 0000 0000 0000 0000 0000 0406 0406
PC: 0428, State: 0003: Registers:
 ffff 0004 0000 0000 0000 0000 0000 0000 0000 0000 0000 0000 0000 0000 0406 0406
PC: 042a, State: 0002: Registers:
 ffff 0004 0000 0000 0000 0000 0000 0000 0000 0000 0000 0000 0000 0000 0406 0406
PC: 042c, State: 0002: Registers:
 ffff 0005 0000 0000 0000 0000 0000 0000 0000 0000 0000 0000 0000 0000 0406 0406
PC: 042e, State: 0003: Registers:
 ffff 0005 0000 0000 0000 0000 0000 0000 0000 0000 0000 0000 0000 0000 0406 0406
PC: 0432, State: 0003: Registers:
 ffff 0005 aaaa 0000 0000 0000 0000 0000 0000 0000 0000 0000 0000 0000 0406 0406
PC: 0436, State: 0003: Registers:
 ffff 0005 aaaa 5555 0000 0000 0000 0000 0000 0000 0000 0000 0000 0000 0406 0406
PC: 0438, State: 0003: Registers:
 ffff 0005 aaaa 5555 0000 0000 0000 0000 0000 0000 0000 0000 0000 0000 0406 0406
PC: 043a, State: 0003: Registers:
 ffff 0005 5556 5555 0000 0000 0000 0000 0000 0000 0000 0000 0000 0000 0406 0406
PC: 043c, State: 0003: Registers:
 ffff 0005 5556 aaab 0000 0000 0000 0000 0000 0000 0000 0000 0000 0000 0406 0406
PC: 043e, State: 0003: Registers:
 ffff 0005 5556 aaab 0000 0000 0000 0000 0000 0000 0000 0000 0000 0000 0406 0406
PC: 0440, State: 0003: Registers:
 ffff 0005 5556 aaab 0000 0000 0000 0000 0000 0000 0000 0000 0000 0000 0406 0406
PC: 0442, State: 0003: Registers:
 ffff 0005 5556 aaab 0000 0000 0000 0000 0000 0000 0000 0000 0000 0000 0406 0406
PC: 0444, State: 0003: Registers:
 ffff 0005 5556 aaab ffff 0000 0000 0000 0000 0000 0000 0000 0000 0000 0406 0406
PC: 0446, State: 0003: Registers:
 ffff 0005 5556 aaab fffe 0000 0000 0000 0000 0000 0000 0000 0000 0000 0406 0406
PC: 0448, State: 0003: Registers:
 ffff 0005 5556 aaab fffe ffff 0000 0000 0000 0000 0000 0000 0000 0000 0406 0406
PC: 044a, State: 0003: Registers:
 ffff 0005 5556 aaab fffe ffff 0000 0000 0000 0000 0000 0000 0000 0000 0406 0406
PC: 044c, State: 0003: Registers:
 ffff 0005 5556 aaab 0002 ffff 0000 0000 0000 0000 0000 0000 0000 0000 0406 0406
PC: 044e, State: 0003: Registers:
 ffff 0005 5556 aaab 0002 0001 0000 0000 0000 0000 0000 0000 0000 0000 0406 0406
PC: 0450, State: 0003: Registers:
 ffff 0005 5556 aaab 0002 0001 0000 0000 0000 0000 0000 0000 0000 0000 0406 0406
PC: 0454, State: 0003: Registers:
 ffff 0005 5556 aaab 0002 0001 ffff 0000 0000 0000 0000 0000 0000 0000 0406 0406
PC: 0456, State: 0003: Registers:
 ffff 0005 5556 aaab 0002 0001 ffff ffff 0000 0000 0000 0000 0000 0000 0406 0406
PC: 0458, State: 0003: Registers:
 ffff 0005 5556 aaab 0002 0001 ffff 0001 0000 0000 0000 0000 0000 0000 0406 0406
PC: 045a, State: 0002: Registers:
 ffff 0005 5556 aaab 0002 0001 ffff 0001 0000 0000 0000 0000 0000 0000 0406 0406
PC: 045c, State: 0002: Registers:
 0000 0005 5556 aaab 0002 0001 ffff 0001 0000 0000 0000 0000 0000 0000 0406 0406
PC: 045e, State: 0002: Registers:
 0000 0005 5556 aaab 0002 0001 ffff 0001 0000 0000 0000 0000 0000 0000 0406 0406
PC: 0460, State: 0002: Registers:
 0000 0005 5556 aaab 0002 0001 ffff 0001 0000 0000 0000 0000 0000 0000 0000 0408
CPU has halted.
