=-=-=-=-=-=-=-=-=-=-=-=-=-=-=-=-=-=-=-=-=
"able was I ere I saw elba"
is a palindrome
"after seeing elba, I stopped being able"
is not a palindrome.
=-=-=-=-=-=-=-=-=-=-=-=-=-=-=-=-=-=-=-=-=
CPU has halted.
