=-=-=-=-=-=-=-=-=-=-=-=-=-=-=-=-=-=-=-=-=
Hello, world!
Xor cipher (with key = 'GOODBYE, ALL.'): 
*#(-ue[O3 (
Decrypting...
Hello, world!
=-=-=-=-=-=-=-=-=-=-=-=-=-=-=-=-=-=-=-=-=
CPU has halted.
