=-=-=-=-=-=-=-=-=-=-=-=-=-=-=-=-=-=-=-=-=
Hello, world!
Caesar cipher (with rot = 3): 
Khoor/#zruog$
Now rotating back (rot = -3): 
Hello, world!
=-=-=-=-=-=-=-=-=-=-=-=-=-=-=-=-=-=-=-=-=
CPU has halted.
